Command: /home/andrea/.espressif/tools/python/v6.0/venv/bin/python /home/andrea/.espressif/v6.0/esp-idf/tools/idf_monitor.py -p /dev/ttyUSB0 -b 115200 --toolchain-prefix xtensa-esp32-elf- --target esp32 --revision 0 /home/andrea/projects/Software/Wifi/build/Wifi.elf /home/andrea/projects/Software/Wifi/build/bootloader/bootloader.elf -m '/home/andrea/.espressif/tools/python/v6.0/venv/bin/python' '/home/andrea/.espressif/v6.0/esp-idf/tools/idf.py'
ets Jul 29 2019 12:21:46

rst:0x1 (POWERON_RESET),boot:0x13 (SPI_FAST_FLASH_BOOT)
configsip: 0, SPIWP:0xee
clk_drv:0x00,q_drv:0x00,d_drv:0x00,cs0_drv:0x00,hd_drv:0x00,wp_drv:0x00
mode:DIO, clock div:2
load:0x3fff0040,len:6272
load:0x40078000,len:15848
load:0x40080400,len:3920
entry 0x40080644
[0;32mI (27) boot: ESP-IDF v6.0 2nd stage bootloader[0m
[0;32mI (27) boot: compile time May 27 2026 23:15:33[0m
[0;32mI (28) boot: Multicore bootloader[0m
[0;32mI (29) boot: chip revision: v3.1[0m
[0;32mI (31) boot.esp32: SPI Speed      : 40MHz[0m
[0;32mI (35) boot.esp32: SPI Mode       : DIO[0m
[0;32mI (39) boot.esp32: SPI Flash Size : 2MB[0m
[0;32mI (42) boot: Enabling RNG early entropy source...[0m
[0;32mI (47) boot: Partition Table:[0m
[0;32mI (49) boot: ## Label            Usage          Type ST Offset   Length[0m
[0;32mI (56) boot:  0 nvs              WiFi data        01 02 00009000 00006000[0m
[0;32mI (62) boot:  1 phy_init         RF data          01 01 0000f000 00001000[0m
[0;32mI (69) boot:  2 factory          factory app      00 00 00010000 00100000[0m
[0;32mI (75) boot: End of partition table[0m
[0;32mI (79) esp_image: segment 0: paddr=00010020 vaddr=3f400020 size=19174h (102772) map[0m
[0;32mI (123) esp_image: segment 1: paddr=0002919c vaddr=3ffb0000 size=04528h ( 17704) load[0m
[0;32mI (130) esp_image: segment 2: paddr=0002d6cc vaddr=40080000 size=0294ch ( 10572) load[0m
[0;32mI (134) esp_image: segment 3: paddr=00030020 vaddr=400d0020 size=82e6ch (536172) map[0m
[0;32mI (326) esp_image: segment 4: paddr=000b2e94 vaddr=4008294c size=12cach ( 76972) load[0m
[0;32mI (357) esp_image: segment 5: paddr=000c5b48 vaddr=50000000 size=00028h (    40) load[0m
[0;32mI (368) boot: Loaded app from partition at offset 0x10000[0m
[0;32mI (368) boot: Disabling RNG early entropy source...[0m
[0;32mI (379) cpu_start: Multicore app[0m
[0;32mI (387) cpu_start: GPIO 3 and 1 are used as console UART I/O pins[0m
[0;32mI (387) cpu_start: Pro cpu start user code[0m
[0;32mI (387) cpu_start: cpu freq: 160000000 Hz[0m
[0;32mI (389) app_init: Application information:[0m
[0;32mI (393) app_init: Project name:     Wifi[0m
[0;32mI (397) app_init: App version:      1[0m
[0;32mI (400) app_init: Compile time:     May 27 2026 23:14:20[0m
[0;32mI (405) app_init: ELF file SHA256:  c2479c9d9...[0m
[0;32mI (409) app_init: ESP-IDF:          v6.0[0m
[0;32mI (413) efuse_init: Min chip rev:     v0.0[0m
[0;32mI (417) efuse_init: Max chip rev:     v3.99 [0m
[0;32mI (421) efuse_init: Chip rev:         v3.1[0m
[0;32mI (425) heap_init: Initializing. RAM available for dynamic allocation:[0m
[0;32mI (431) heap_init: At 3FFAE6E0 len 00001920 (6 KiB): DRAM[0m
[0;32mI (436) heap_init: At 3FFB8968 len 00027698 (157 KiB): DRAM[0m
[0;32mI (441) heap_init: At 3FFE0440 len 00003AE0 (14 KiB): D/IRAM[0m
[0;32mI (447) heap_init: At 3FFE4350 len 0001BCB0 (111 KiB): D/IRAM[0m
[0;32mI (452) heap_init: At 400955F8 len 0000AA08 (42 KiB): IRAM[0m
[0;32mI (459) spi_flash: detected chip: generic[0m
[0;32mI (461) spi_flash: flash io: dio[0m
[0;33mW (464) spi_flash: Detected size(4096k) larger than the size in the binary image header(2048k). Using the size in the binary image header.[0m
[0;32mI (478) main_task: Started on CPU0[0m
[0;32mI (488) main_task: Calling app_main()[0m
ESP_ERROR_CHECK failed: esp_err_t 0x103 (ESP_ERR_INVALID_STATE) at 0x400dea21
file: "/IDF/components/esp_wifi/src/wifi_default.c" line 424
func: esp_netif_create_default_wifi_sta
expression: esp_wifi_set_default_wifi_sta_handlers()

abort() was called at PC 0x40089677 on core 0


Backtrace: 0x4008971d:0x3ffbaa80 0x400896e5:0x3ffbaaa0 0x40089369:0x3ffbaac0 0x40089677:0x3ffbab30 0x400dea21:0x3ffbab60 0x400d9cc9:0x3ffbab90 0x400d44f2:0x3ffbac50 0x4014f04a:0x3ffbac80




ELF file SHA256: c2479c9d9

Rebooting...
ets Jul 29 2019 12:21:46

rst:0xc (SW_CPU_RESET),boot:0x13 (SPI_FAST_FLASH_BOOT)
configsip: 0, SPIWP:0xee
clk_drv:0x00,q_drv:0x00,d_drv:0x00,cs0_drv:0x00,hd_drv:0x00,wp_drv:0x00
mode:DIO, clock div:2
load:0x3fff0040,len:6272
load:0x40078000,len:15848
load:0x40080400,len:3920
entry 0x40080644
[0;32mI (27) boot: ESP-IDF v6.0 2nd stage bootloader[0m
[0;32mI (27) boot: compile time May 27 2026 23:15:33[0m
[0;32mI (27) boot: Multicore bootloader[0m
[0;32mI (29) boot: chip revision: v3.1[0m
[0;32mI (31) boot.esp32: SPI Speed      : 40MHz[0m
[0;32mI (35) boot.esp32: SPI Mode       : DIO[0m
[0;32mI (39) boot.esp32: SPI Flash Size : 2MB[0m
[0;32mI (42) boot: Enabling RNG early entropy source...[0m
[0;32mI (47) boot: Partition Table:[0m
[0;32mI (49) boot: ## Label            Usage          Type ST Offset   Length[0m
[0;32mI (56) boot:  0 nvs              WiFi data        01 02 00009000 00006000[0m
[0;32mI (62) boot:  1 phy_init         RF data          01 01 0000f000 00001000[0m
[0;32mI (69) boot:  2 factory          factory app      00 00 00010000 00100000[0m
[0;32mI (75) boot: End of partition table[0m
[0;32mI (78) esp_image: segment 0: paddr=00010020 vaddr=3f400020 size=19174h (102772) map[0m
[0;32mI (123) esp_image: segment 1: paddr=0002919c vaddr=3ffb0000 size=04528h ( 17704) load[0m
[0;32mI (130) esp_image: segment 2: paddr=0002d6cc vaddr=40080000 size=0294ch ( 10572) load[0m
[0;32mI (134) esp_image: segment 3: paddr=00030020 vaddr=400d0020 size=82e6ch (536172) map[0m
[0;32mI (326) esp_image: segment 4: paddr=000b2e94 vaddr=4008294c size=12cach ( 76972) load[0m
[0;32mI (357) esp_image: segment 5: paddr=000c5b48 vaddr=50000000 size=00028h (    40) load[0m
[0;32mI (368) boot: Loaded app from partition at offset 0x10000[0m
[0;32mI (368) boot: Disabling RNG early entropy source...[0m
[0;32mI (379) cpu_start: Multicore app[0m
[0;32mI (387) cpu_start: GPIO 3 and 1 are used as console UART I/O pins[0m
[0;32mI (387) cpu_start: Pro cpu start user code[0m
[0;32mI (387) cpu_start: cpu freq: 160000000 Hz[0m
[0;32mI (389) app_init: Application information:[0m
[0;32mI (393) app_init: Project name:     Wifi[0m
[0;32mI (397) app_init: App version:      1[0m
[0;32mI (400) app_init: Compile time:     May 27 2026 23:14:20[0m
[0;32mI (405) app_init: ELF file SHA256:  c2479c9d9...[0m
[0;32mI (409) app_init: ESP-IDF:          v6.0[0m
[0;32mI (413) efuse_init: Min chip rev:     v0.0[0m
[0;32mI (417) efuse_init: Max chip rev:     v3.99 [0m
[0;32mI (421) efuse_init: Chip rev:         v3.1[0m
[0;32mI (425) heap_init: Initializing. RAM available for dynamic allocation:[0m
[0;32mI (431) heap_init: At 3FFAE6E0 len 00001920 (6 KiB): DRAM[0m
[0;32mI (436) heap_init: At 3FFB8968 len 00027698 (157 KiB): DRAM[0m
[0;32mI (441) heap_init: At 3FFE0440 len 00003AE0 (14 KiB): D/IRAM[0m
[0;32mI (447) heap_init: At 3FFE4350 len 0001BCB0 (111 KiB): D/IRAM[0m
[0;32mI (452) heap_init: At 400955F8 len 0000AA08 (42 KiB): IRAM[0m
[0;32mI (459) spi_flash: detected chip: generic[0m
[0;32mI (461) spi_flash: flash io: dio[0m
[0;33mW (464) spi_flash: Detected size(4096k) larger than the size in the binary image header(2048k). Using the size in the binary image header.[0m
[0;32mI (478) main_task: Started on CPU0[0m
[0;32mI (488) main_task: Calling app_main()[0m
ESP_ERROR_CHECK failed: esp_err_t 0x103 (ESP_ERR_INVALID_STATE) at 0x400dea21
file: "/IDF/components/esp_wifi/src/wifi_default.c" line 424
func: esp_netif_create_default_wifi_sta
expression: esp_wifi_set_default_wifi_sta_handlers()

abort() was called at PC 0x40089677 on core 0


Backtrace: 0x4008971d:0x3ffbaa80 0x400896e5:0x3ffbaaa0 0x40089369:0x3ffbaac0 0x40089677:0x3ffbab30 0x400dea21:0x3ffbab60 0x400d9cc9:0x3ffbab90 0x400d44f2:0x3ffbac50 0x4014f04a:0x3ffbac80




ELF file SHA256: c2479c9d9

Rebooting...
ets Jul 29 2019 12:21:46

rst:0xc (SW_CPU_RESET),boot:0x13 (SPI_FAST_FLASH_BOOT)
configsip: 0, SPIWP:0xee
clk_drv:0x00,q_drv:0x00,d_drv:0x00,cs0_drv:0x00,hd_drv:0x00,wp_drv:0x00
mode:DIO, clock div:2
load:0x3fff0040,len:6272
load:0x40078000,len:15848
load:0x40080400,len:3920
entry 0x40080644
[0;32mI (27) boot: ESP-IDF v6.0 2nd stage bootloader[0m
[0;32mI (27) boot: compile time May 27 2026 23:15:33[0m
[0;32mI (27) boot: Multicore bootloader[0m
[0;32mI (29) boot: chip revision: v3.1[0m
[0;32mI (31) boot.esp32: SPI Speed      : 40MHz[0m
[0;32mI (35) boot.esp32: SPI Mode       : DIO[0m
[0;32mI (39) boot.esp32: SPI Flash Size : 2MB[0m
[0;32mI (42) boot: Enabling RNG early entropy source...[0m
[0;32mI (47) boot: Partition Table:[0m
[0;32mI (49) boot: ## Label            Usage          Type ST Offset   Length[0m
[0;32mI (56) boot:  0 nvs              WiFi data        01 02 00009000 00006000[0m
[0;32mI (62) boot:  1 phy_init         RF data          01 01 0000f000 00001000[0m
[0;32mI (69) boot:  2 factory          factory app      00 00 00010000 00100000[0m
[0;32mI (75) boot: End of partition table[0m
[0;32mI (78) esp_image: segment 0: paddr=00010020 vaddr=3f400020 size=19174h (102772) map[0m
[0;32mI (123) esp_image: segment 1: paddr=0002919c vaddr=3ffb0000 size=04528h ( 17704) load[0m
[0;32mI (130) esp_image: segment 2: paddr=0002d6cc vaddr=40080000 size=0294ch ( 10572) load[0m
[0;32mI (134) esp_image: segment 3: paddr=00030020 vaddr=400d0020 size=82e6ch (536172) map[0m
[0;32mI (326) esp_image: segment 4: paddr=000b2e94 vaddr=4008294c size=12cach ( 76972) load[0m
[0;32mI (357) esp_image: segment 5: paddr=000c5b48 vaddr=50000000 size=00028h (    40) load[0m
[0;32mI (368) boot: Loaded app from partition at offset 0x10000[0m
[0;32mI (368) boot: Disabling RNG early entropy source...[0m
[0;32mI (379) cpu_start: Multicore app[0m
[0;32mI (387) cpu_start: GPIO 3 and 1 are used as console UART I/O pins[0m
[0;32mI (387) cpu_start: Pro cpu start user code[0m
[0;32mI (387) cpu_start: cpu freq: 160000000 Hz[0m
[0;32mI (389) app_init: Application information:[0m
[0;32mI (393) app_init: Project name:     Wifi[0m
[0;32mI (397) app_init: App version:      1[0m
[0;32mI (400) app_init: Compile time:     May 27 2026 23:14:20[0m
[0;32mI (405) app_init: ELF file SHA256:  c2479c9d9...[0m
[0;32mI (409) app_init: ESP-IDF:          v6.0[0m
[0;32mI (413) efuse_init: Min chip rev:     v0.0[0m
[0;32mI (417) efuse_init: Max chip rev:     v3.99 [0m
[0;32mI (421) efuse_init: Chip rev:         v3.1[0m
[0;32mI (425) heap_init: Initializing. RAM available for dynamic allocation:[0m
[0;32mI (431) heap_init: At 3FFAE6E0 len 00001920 (6 KiB): DRAM[0m
[0;32mI (436) heap_init: At 3FFB8968 len 00027698 (157 KiB): DRAM[0m
[0;32mI (441) heap_init: At 3FFE0440 len 00003AE0 (14 KiB): D/IRAM[0m
[0;32mI (447) heap_init: At 3FFE4350 len 0001BCB0 (111 KiB): D/IRAM[0m
[0;32mI (452) heap_init: At 400955F8 len 0000AA08 (42 KiB): IRAM[0m
[0;32mI (459) spi_flash: detected chip: generic[0m
[0;32mI (461) spi_flash: flash io: dio[0m
[0;33mW (464) spi_flash: Detected size(4096k) larger than the size in the binary image header(2048k). Using the size in the binary image header.[0m
[0;32mI (478) main_task: Started on CPU0[0m
[0;32mI (488) main_task: Calling app_main()[0m
ESP_ERROR_CHECK failed: esp_err_t 0x103 (ESP_ERR_INVALID_STATE) at 0x400dea21
file: "/IDF/components/esp_wifi/src/wifi_default.c" line 424
func: esp_netif_create_default_wifi_sta
expression: esp_wifi_set_default_wifi_sta_handlers()

abort() was called at PC 0x40089677 on core 0


Backtrace: 0x4008971d:0x3ffbaa80 0x400896e5:0x3ffbaaa0 0x40089369:0x3ffbaac0 0x40089677:0x3ffbab30 0x400dea21:0x3ffbab60 0x400d9cc9:0x3ffbab90 0x400d44f2:0x3ffbac50 0x4014f04a:0x3ffbac80




ELF file SHA256: c2479c9d9

Rebooting...
ets Jul 29 2019 12:21:46

rst:0xc (SW_CPU_RESET),boot:0x13 (SPI_FAST_FLASH_BOOT)
configsip: 0, SPIWP:0xee
clk_drv:0x00,q_drv:0x00,d_drv:0x00,cs0_drv:0x00,hd_drv:0x00,wp_drv:0x00
mode:DIO, clock div:2
load:0x3fff0040,len:6272
load:0x40078000,len:15848
load:0x40080400,len:3920
entry 0x40080644
[0;32mI (27) boot: ESP-IDF v6.0 2nd stage bootloader[0m
[0;32mI (27) boot: compile time May 27 2026 23:15:33[0m
[0;32mI (27) boot: Multicore bootloader[0m
[0;32mI (29) boot: chip revision: v3.1[0m
[0;32mI (31) boot.esp32: SPI Speed      : 40MHz[0m
[0;32mI (35) boot.esp32: SPI Mode       : DIO[0m
[0;32mI (39) boot.esp32: SPI Flash Size : 2MB[0m
[0;32mI (42) boot: Enabling RNG early entropy source...[0m
[0;32mI (47) boot: Partition Table:[0m
[0;32mI (49) boot: ## Label            Usage          Type ST Offset   Length[0m
[0;32mI (56) boot:  0 nvs              WiFi data        01 02 00009000 00006000[0m
[0;32mI (62) boot:  1 phy_init         RF data          01 01 0000f000 00001000[0m
[0;32mI (69) boot:  2 factory          factory app      00 00 00010000 00100000[0m
[0;32mI (75) boot: End of partition table[0m
[0;32mI (78) esp_image: segment 0: paddr=00010020 vaddr=3f400020 size=19174h (102772) map[0m
[0;32mI (123) esp_image: segment 1: paddr=0002919c vaddr=3ffb0000 size=04528h ( 17704) load[0m
[0;32mI (130) esp_image: segment 2: paddr=0002d6cc vaddr=40080000 size=0294ch ( 10572) load[0m
[0;32mI (134) esp_image: segment 3: paddr=00030020 vaddr=400d0020 size=82e6ch (536172) map[0m
[0;32mI (326) esp_image: segment 4: paddr=000b2e94 vaddr=4008294c size=12cach ( 76972) load[0m
[0;32mI (357) esp_image: segment 5: paddr=000c5b48 vaddr=50000000 size=00028h (    40) load[0m
[0;32mI (368) boot: Loaded app from partition at offset 0x10000[0m
[0;32mI (368) boot: Disabling RNG early entropy source...[0m
[0;32mI (379) cpu_start: Multicore app[0m
[0;32mI (387) cpu_start: GPIO 3 and 1 are used as console UART I/O pins[0m
[0;32mI (387) cpu_start: Pro cpu start user code[0m
[0;32mI (387) cpu_start: cpu freq: 160000000 Hz[0m
[0;32mI (389) app_init: Application information:[0m
[0;32mI (393) app_init: Project name:     Wifi[0m
[0;32mI (397) app_init: App version:      1[0m
[0;32mI (400) app_init: Compile time:     May 27 2026 23:14:20[0m
[0;32mI (405) app_init: ELF file SHA256:  c2479c9d9...[0m
[0;32mI (409) app_init: ESP-IDF:          v6.0[0m
[0;32mI (413) efuse_init: Min chip rev:     v0.0[0m
[0;32mI (417) efuse_init: Max chip rev:     v3.99 [0m
[0;32mI (421) efuse_init: Chip rev:         v3.1[0m
[0;32mI (425) heap_init: Initializing. RAM available for dynamic allocation:[0m
[0;32mI (431) heap_init: At 3FFAE6E0 len 00001920 (6 KiB): DRAM[0m
[0;32mI (436) heap_init: At 3FFB8968 len 00027698 (157 KiB): DRAM[0m
[0;32mI (441) heap_init: At 3FFE0440 len 00003AE0 (14 KiB): D/IRAM[0m
[0;32mI (447) heap_init: At 3FFE4350 len 0001BCB0 (111 KiB): D/IRAM[0m
[0;32mI (452) heap_init: At 400955F8 len 0000AA08 (42 KiB): IRAM[0m
[0;32mI (459) spi_flash: detected chip: generic[0m
[0;32mI (461) spi_flash: flash io: dio[0m
[0;33mW (464) spi_flash: Detected size(4096k) larger than the size in the binary image header(2048k). Using the size in the binary image header.[0m
[0;32mI (478) main_task: Started on CPU0[0m
[0;32mI (488) main_task: Calling app_main()[0m
ESP_ERROR_CHECK failed: esp_err_t 0x103 (ESP_ERR_INVALID_STATE) at 0x400dea21
file: "/IDF/components/esp_wifi/src/wifi_default.c" line 424
func: esp_netif_create_default_wifi_sta
expression: esp_wifi_set_default_wifi_sta_handlers()

abort() was called at PC 0x40089677 on core 0


Backtrace: 0x4008971d:0x3ffbaa80 0x400896e5:0x3ffbaaa0 0x40089369:0x3ffbaac0 0x40089677:0x3ffbab30 0x400dea21:0x3ffbab60 0x400d9cc9:0x3ffbab90 0x400d44f2:0x3ffbac50 0x4014f04a:0x3ffbac80




ELF file SHA256: c2479c9d9

Rebooting...
ets Jul 29 2019 12:21:46

rst:0xc (SW_CPU_RESET),boot:0x13 (SPI_FAST_FLASH_BOOT)
configsip: 0, SPIWP:0xee
clk_drv:0x00,q_drv:0x00,d_drv:0x00,cs0_drv:0x00,hd_drv:0x00,wp_drv:0x00
mode:DIO, clock div:2
load:0x3fff0040,len:6272
load:0x40078000,len:15848
load:0x40080400,len:3920
entry 0x40080644
[0;32mI (27) boot: ESP-IDF v6.0 2nd stage bootloader[0m
[0;32mI (27) boot: compile time May 27 2026 23:15:33[0m
[0;32mI (27) boot: Multicore bootloader[0m
[0;32mI (29) boot: chip revision: v3.1[0m
[0;32mI (31) boot.esp32: SPI Speed      : 40MHz[0m
[0;32mI (35) boot.esp32: SPI Mode       : DIO[0m
[0;32mI (39) boot.esp32: SPI Flash Size : 2MB[0m
[0;32mI (42) boot: Enabling RNG early entropy source...[0m
[0;32mI (47) boot: Partition Table:[0m
[0;32mI (49) boot: ## Label            Usage          Type ST Offset   Length[0m
[0;32mI (56) boot:  0 nvs              WiFi data        01 02 00009000 00006000[0m
[0;32mI (62) boot:  1 phy_init         RF data          01 01 0000f000 00001000[0m
[0;32mI (69) boot:  2 factory          factory app      00 00 00010000 00100000[0m
[0;32mI (75) boot: End of partition table[0m
[0;32mI (78) esp_image: segment 0: paddr=00010020 vaddr=3f400020 size=19174h (102772) map[0m
[0;32mI (123) esp_image: segment 1: paddr=0002919c vaddr=3ffb0000 size=04528h ( 17704) load[0m
[0;32mI (130) esp_image: segment 2: paddr=0002d6cc vaddr=40080000 size=0294ch ( 10572) load[0m
[0;32mI (134) esp_image: segment 3: paddr=00030020 vaddr=400d0020 size=82e6ch (536172) map[0m
[0;32mI (326) esp_image: segment 4: paddr=000b2e94 vaddr=4008294c size=12cach ( 76972) load[0m
[0;32mI (357) esp_image: segment 5: paddr=000c5b48 vaddr=50000000 size=00028h (    40) load[0m
[0;32mI (368) boot: Loaded app from partition at offset 0x10000[0m
[0;32mI (368) boot: Disabling RNG early entropy source...[0m
[0;32mI (379) cpu_start: Multicore app[0m
[0;32mI (387) cpu_start: GPIO 3 and 1 are used as console UART I/O pins[0m
[0;32mI (387) cpu_start: Pro cpu start user code[0m
[0;32mI (387) cpu_start: cpu freq: 160000000 Hz[0m
[0;32mI (389) app_init: Application information:[0m
[0;32mI (393) app_init: Project name:     Wifi[0m
[0;32mI (397) app_init: App version:      1[0m
[0;32mI (400) app_init: Compile time:     May 27 2026 23:14:20[0m
[0;32mI (405) app_init: ELF file SHA256:  c2479c9d9...[0m
[0;32mI (409) app_init: ESP-IDF:          v6.0[0m
[0;32mI (413) efuse_init: Min chip rev:     v0.0[0m
[0;32mI (417) efuse_init: Max chip rev:     v3.99 [0m
[0;32mI (421) efuse_init: Chip rev:         v3.1[0m
[0;32mI (425) heap_init: Initializing. RAM available for dynamic allocation:[0m
[0;32mI (431) heap_init: At 3FFAE6E0 len 00001920 (6 KiB): DRAM[0m
[0;32mI (436) heap_init: At 3FFB8968 len 00027698 (157 KiB): DRAM[0m
[0;32mI (441) heap_init: At 3FFE0440 len 00003AE0 (14 KiB): D/IRAM[0m
[0;32mI (447) heap_init: At 3FFE4350 len 0001BCB0 (111 KiB): D/IRAM[0m
[0;32mI (452) heap_init: At 400955F8 len 0000AA08 (42 KiB): IRAM[0m
[0;32mI (459) spi_flash: detected chip: generic[0m
[0;32mI (461) spi_flash: flash io: dio[0m
[0;33mW (464) spi_flash: Detected size(4096k) larger than the size in the binary image header(2048k). Using the size in the binary image header.[0m
[0;32mI (478) main_task: Started on CPU0[0m
[0;32mI (488) main_task: Calling app_main()[0m
ESP_ERROR_CHECK failed: esp_err_t 0x103 (ESP_ERR_INVALID_STATE) at 0x400dea21
file: "/IDF/components/esp_wifi/src/wifi_default.c" line 424
func: esp_netif_create_default_wifi_sta
expression: esp_wifi_set_default_wifi_sta_handlers()

abort() was called at PC 0x40089677 on core 0


Backtrace: 0x4008971d:0x3ffbaa80 0x400896e5:0x3ffbaaa0 0x40089369:0x3ffbaac0 0x40089677:0x3ffbab30 0x400dea21:0x3ffbab60 0x400d9cc9:0x3ffbab90 0x400d44f2:0x3ffbac50 0x4014f04a:0x3ffbac80




ELF file SHA256: c2479c9d9

Rebooting...
ets Jul 29 2019 12:21:46

rst:0xc (SW_CPU_RESET),boot:0x13 (SPI_FAST_FLASH_BOOT)
configsip: 0, SPIWP:0xee
clk_drv:0x00,q_drv:0x00,d_drv:0x00,cs0_drv:0x00,hd_drv:0x00,wp_drv:0x00
mode:DIO, clock div:2
load:0x3fff0040,len:6272
load:0x40078000,len:15848
load:0x40080400,len:3920
entry 0x40080644
[0;32mI (27) boot: ESP-IDF v6.0 2nd stage bootloader[0m
[0;32mI (27) boot: compile time May 27 2026 23:15:33[0m
[0;32mI (27) boot: Multicore bootloader[0m
[0;32mI (29) boot: chip revision: v3.1[0m
[0;32mI (31) boot.esp32: SPI Speed      : 40MHz[0m
[0;32mI (35) boot.esp32: SPI Mode       : DIO[0m
[0;32mI (39) boot.esp32: SPI Flash Size : 2MB[0m
[0;32mI (42) boot: Enabling RNG early entropy source...[0m
[0;32mI (47) boot: Partition Table:[0m
[0;32mI (49) boot: ## Label            Usage          Type ST Offset   Length[0m
[0;32mI (56) boot:  0 nvs              WiFi data        01 02 00009000 00006000[0m
[0;32mI (62) boot:  1 phy_init         RF data          01 01 0000f000 00001000[0m
[0;32mI (69) boot:  2 factory          factory app      00 00 00010000 00100000[0m
[0;32mI (75) boot: End of partition table[0m
[0;32mI (78) esp_image: segment 0: paddr=00010020 vaddr=3f400020 size=19174h (102772) map[0m
[0;32mI (123) esp_image: segment 1: paddr=0002919c vaddr=3ffb0000 size=04528h ( 17704) load[0m
[0;32mI (130) esp_image: segment 2: paddr=0002d6cc vaddr=40080000 size=0294ch ( 10572) load[0m
[0;32mI (134) esp_image: segment 3: paddr=00030020 vaddr=400d0020 size=82e6ch (536172) map[0m
[0;32mI (326) esp_image: segment 4: paddr=000b2e94 vaddr=4008294c size=12cach ( 76972) load[0m
[0;32mI (357) esp_image: segment 5: paddr=000c5b48 vaddr=50000000 size=00028h (    40) load[0m
[0;32mI (368) boot: Loaded app from partition at offset 0x10000[0m
[0;32mI (368) boot: Disabling RNG early entropy source...[0m
[0;32mI (379) cpu_start: Multicore app[0m
[0;32mI (387) cpu_start: GPIO 3 and 1 are used as console UART I/O pins[0m
[0;32mI (387) cpu_start: Pro cpu start user code[0m
[0;32mI (387) cpu_start: cpu freq: 160000000 Hz[0m
[0;32mI (389) app_init: Application information:[0m
[0;32mI (393) app_init: Project name:     Wifi[0m
[0;32mI (397) app_init: App version:      1[0m
[0;32mI (400) app_init: Compile time:     May 27 2026 23:14:20[0m
[0;32mI (405) app_init: ELF file SHA256:  c2479c9d9...[0m
[0;32mI (409) app_init: ESP-IDF:          v6.0[0m
[0;32mI (413) efuse_init: Min chip rev:     v0.0[0m
[0;32mI (417) efuse_init: Max chip rev:     v3.99 [0m
[0;32mI (421) efuse_init: Chip rev:         v3.1[0m
[0;32mI (425) heap_init: Initializing. RAM available for dynamic allocation:[0m
[0;32mI (431) heap_init: At 3FFAE6E0 len 00001920 (6 KiB): DRAM[0m
[0;32mI (436) heap_init: At 3FFB8968 len 00027698 (157 KiB): DRAM[0m
[0;32mI (441) heap_init: At 3FFE0440 len 00003AE0 (14 KiB): D/IRAM[0m
[0;32mI (447) heap_init: At 3FFE4350 len 0001BCB0 (111 KiB): D/IRAM[0m
[0;32mI (452) heap_init: At 400955F8 len 0000AA08 (42 KiB): IRAM[0m
[0;32mI (459) spi_flash: detected chip: generic[0m
[0;32mI (461) spi_flash: flash io: dio[0m
[0;33mW (464) spi_flash: Detected size(4096k) larger than the size in the binary image header(2048k). Using the size in the binary image header.[0m
[0;32mI (478) main_task: Started on CPU0[0m
[0;32mI (488) main_task: Calling app_main()[0m
ESP_ERROR_CHECK failed: esp_err_t 0x103 (ESP_ERR_INVALID_STATE) at 0x400dea21
file: "/IDF/components/esp_wifi/src/wifi_default.c" line 424
func: esp_netif_create_default_wifi_sta
expression: esp_wifi_set_default_wifi_sta_handlers()

abort() was called at PC 0x40089677 on core 0


Backtrace: 0x4008971d:0x3ffbaa80 0x400896e5:0x3ffbaaa0 0x40089369:0x3ffbaac0 0x40089677:0x3ffbab30 0x400dea21:0x3ffbab60 0x400d9cc9:0x3ffbab90 0x400d44f2:0x3ffbac50 0x4014f04a:0x3ffbac80




ELF file SHA256: c2479c9d9

Rebooting...
ets Jul 29 2019 12:21:46

rst:0xc (SW_CPU_RESET),boot:0x13 (SPI_FAST_FLASH_BOOT)
configsip: 0, SPIWP:0xee
clk_drv:0x00,q_drv:0x00,d_drv:0x00,cs0_drv:0x00,hd_drv:0x00,wp_drv:0x00
mode:DIO, clock div:2
load:0x3fff0040,len:6272
load:0x40078000,len:15848
load:0x40080400,len:3920
entry 0x40080644
[0;32mI (27) boot: ESP-IDF v6.0 2nd stage bootloader[0m
[0;32mI (27) boot: compile time May 27 2026 23:15:33[0m
[0;32mI (27) boot: Multicore bootloader[0m
[0;32mI (29) boot: chip revision: v3.1[0m
[0;32mI (31) boot.esp32: SPI Speed      : 40MHz[0m
[0;32mI (35) boot.esp32: SPI Mode       : DIO[0m
[0;32mI (39) boot.esp32: SPI Flash Size : 2MB[0m
[0;32mI (42) boot: Enabling RNG early entropy source...[0m
[0;32mI (47) boot: Partition Table:[0m
[0;32mI (49) boot: ## Label            Usage          Type ST Offset   Length[0m
[0;32mI (56) boot:  0 nvs              WiFi data        01 02 00009000 00006000[0m
[0;32mI (62) boot:  1 phy_init         RF data          01 01 0000f000 00001000[0m
[0;32mI (69) boot:  2 factory          factory app      00 00 00010000 00100000[0m
[0;32mI (75) boot: End of partition table[0m
[0;32mI (78) esp_image: segment 0: paddr=00010020 vaddr=3f400020 size=19174h (102772) map[0m
[0;32mI (123) esp_image: segment 1: paddr=0002919c vaddr=3ffb0000 size=04528h ( 17704) load[0m
[0;32mI (130) esp_image: segment 2: paddr=0002d6cc vaddr=40080000 size=0294ch ( 10572) load[0m
[0;32mI (134) esp_image: segment 3: paddr=00030020 vaddr=400d0020 size=82e6ch (536172) map[0m
[0;32mI (326) esp_image: segment 4: paddr=000b2e94 vaddr=4008294c size=12cach ( 76972) load[0m
[0;32mI (357) esp_image: segment 5: paddr=000c5b48 vaddr=50000000 size=00028h (    40) load[0m
[0;32mI (368) boot: Loaded app from partition at offset 0x10000[0m
[0;32mI (368) boot: Disabling RNG early entropy source...[0m
[0;32mI (379) cpu_start: Multicore app[0m
[0;32mI (387) cpu_start: GPIO 3 and 1 are used as console UART I/O pins[0m
[0;32mI (387) cpu_start: Pro cpu start user code[0m
[0;32mI (387) cpu_start: cpu freq: 160000000 Hz[0m
[0;32mI (389) app_init: Application information:[0m
[0;32mI (393) app_init: Project name:     Wifi[0m
[0;32mI (397) app_init: App version:      1[0m
[0;32mI (400) app_init: Compile time:     May 27 2026 23:14:20[0m
[0;32mI (405) app_init: ELF file SHA256:  c2479c9d9...[0m
[0;32mI (409) app_init: ESP-IDF:          v6.0[0m
[0;32mI (413) efuse_init: Min chip rev:     v0.0[0m
[0;32mI (417) efuse_init: Max chip rev:     v3.99 [0m
[0;32mI (421) efuse_init: Chip rev:         v3.1[0m
[0;32mI (425) heap_init: Initializing. RAM available for dynamic allocation:[0m
[0;32mI (431) heap_init: At 3FFAE6E0 len 00001920 (6 KiB): DRAM[0m
[0;32mI (436) heap_init: At 3FFB8968 len 00027698 (157 KiB): DRAM[0m
[0;32mI (441) heap_init: At 3FFE0440 len 00003AE0 (14 KiB): D/IRAM[0m
[0;32mI (447) heap_init: At 3FFE4350 len 0001BCB0 (111 KiB): D/IRAM[0m
[0;32mI (452) heap_init: At 400955F8 len 0000AA08 (42 KiB): IRAM[0m
[0;32mI (459) spi_flash: detected chip: generic[0m
[0;32mI (461) spi_flash: flash io: dio[0m
[0;33mW (464) spi_flash: Detected size(4096k) larger than the size in the binary image header(2048k). Using the size in the binary image header.[0m
[0;32mI (478) main_task: Started on CPU0[0m
[0;32mI (488) main_task: Calling app_main()[0m
ESP_ERROR_CHECK failed: esp_err_t 0x103 (ESP_ERR_INVALID_STATE) at 0x400dea21
file: "/IDF/components/esp_wifi/src/wifi_default.c" line 424
func: esp_netif_create_default_wifi_sta
expression: esp_wifi_set_default_wifi_sta_handlers()

abort() was called at PC 0x40089677 on core 0


Backtrace: 0x4008971d:0x3ffbaa80 0x400896e5:0x3ffbaaa0 0x40089369:0x3ffbaac0 0x40089677:0x3ffbab30 0x400dea21:0x3ffbab60 0x400d9cc9:0x3ffbab90 0x400d44f2:0x3ffbac50 0x4014f04a:0x3ffbac80




ELF file SHA256: c2479c9d9

Rebooting...
ets Jul 29 2019 12:21:46

rst:0xc (SW_CPU_RESET),boot:0x13 (SPI_FAST_FLASH_BOOT)
configsip: 0, SPIWP:0xee
clk_drv:0x00,q_drv:0x00,d_drv:0x00,cs0_drv:0x00,hd_drv:0x00,wp_drv:0x00
mode:DIO, clock div:2
load:0x3fff0040,len:6272
load:0x40078000,len:15848
load:0x40080400,len:3920
entry 0x40080644
[0;32mI (27) boot: ESP-IDF v6.0 2nd stage bootloader[0m
[0;32mI (27) boot: compile time May 27 2026 23:15:33[0m
[0;32mI (27) boot: Multicore bootloader[0m
[0;32mI (29) boot: chip revision: v3.1[0m
[0;32mI (31) boot.esp32: SPI Speed      : 40MHz[0m
[0;32mI (35) boot.esp32: SPI Mode       : DIO[0m
[0;32mI (39) boot.esp32: SPI Flash Size : 2MB[0m
[0;32mI (42) boot: Enabling RNG early entropy source...[0m
[0;32mI (47) boot: Partition Table:[0m
[0;32mI (49) boot: ## Label            Usage          Type ST Offset   Length[0m
[0;32mI (56) boot:  0 nvs              WiFi data        01 02 00009000 00006000[0m
[0;32mI (62) boot:  1 phy_init         RF data          01 01 0000f000 00001000[0m
[0;32mI (69) boot:  2 factory          factory app      00 00 00010000 00100000[0m
[0;32mI (75) boot: End of partition table[0m
[0;32mI (78) esp_image: segment 0: paddr=00010020 vaddr=3f400020 size=19174h (102772) map[0m
[0;32mI (123) esp_image: segment 1: paddr=0002919c vaddr=3ffb0000 size=04528h ( 17704) load[0m
[0;32mI (130) esp_image: segment 2: paddr=0002d6cc vaddr=40080000 size=0294ch ( 10572) load[0m
[0;32mI (134) esp_image: segment 3: paddr=00030020 vaddr=400d0020 size=82e6ch (536172) map[0m
[0;32mI (326) esp_image: segment 4: paddr=000b2e94 vaddr=4008294c size=12cach ( 76972) load[0m
[0;32mI (357) esp_image: segment 5: paddr=000c5b48 vaddr=50000000 size=00028h (    40) load[0m
[0;32mI (368) boot: Loaded app from partition at offset 0x10000[0m
[0;32mI (368) boot: Disabling RNG early entropy source...[0m
[0;32mI (379) cpu_start: Multicore app[0m
[0;32mI (387) cpu_start: GPIO 3 and 1 are used as console UART I/O pins[0m
[0;32mI (387) cpu_start: Pro cpu start user code[0m
[0;32mI (387) cpu_start: cpu freq: 160000000 Hz[0m
[0;32mI (389) app_init: Application information:[0m
[0;32mI (393) app_init: Project name:     Wifi[0m
[0;32mI (397) app_init: App version:      1[0m
[0;32mI (400) app_init: Compile time:     May 27 2026 23:14:20[0m
[0;32mI (405) app_init: ELF file SHA256:  c2479c9d9...[0m
[0;32mI (409) app_init: ESP-IDF:          v6.0[0m
[0;32mI (413) efuse_init: Min chip rev:     v0.0[0m
[0;32mI (417) efuse_init: Max chip rev:     v3.99 [0m
[0;32mI (421) efuse_init: Chip rev:         v3.1[0m
[0;32mI (425) heap_init: Initializing. RAM available for dynamic allocation:[0m
[0;32mI (431) heap_init: At 3FFAE6E0 len 00001920 (6 KiB): DRAM[0m
[0;32mI (436) heap_init: At 3FFB8968 len 00027698 (157 KiB): DRAM[0m
[0;32mI (441) heap_init: At 3FFE0440 len 00003AE0 (14 KiB): D/IRAM[0m
[0;32mI (447) heap_init: At 3FFE4350 len 0001BCB0 (111 KiB): D/IRAM[0m
[0;32mI (452) heap_init: At 400955F8 len 0000AA08 (42 KiB): IRAM[0m
[0;32mI (459) spi_flash: detected chip: generic[0m
[0;32mI (461) spi_flash: flash io: dio[0m
[0;33mW (464) spi_flash: Detected size(4096k) larger than the size in the binary image header(2048k). Using the size in the binary image header.[0m
[0;32mI (478) main_task: Started on CPU0[0m
[0;32mI (488) main_task: Calling app_main()[0m
ESP_ERROR_CHECK failed: esp_err_t 0x103 (ESP_ERR_INVALID_STATE) at 0x400dea21
file: "/IDF/components/esp_wifi/src/wifi_default.c" line 424
func: esp_netif_create_default_wifi_sta
expression: esp_wifi_set_default_wifi_sta_handlers()

abort() was called at PC 0x40089677 on core 0


Backtrace: 0x4008971d:0x3ffbaa80 0x400896e5:0x3ffbaaa0 0x40089369:0x3ffbaac0 0x40089677:0x3ffbab30 0x400dea21:0x3ffbab60 0x400d9cc9:0x3ffbab90 0x400d44f2:0x3ffbac50 0x4014f04a:0x3ffbac80




ELF file SHA256: c2479c9d9

Rebooting...
ets Jul 29 2019 12:21:46

rst:0xc (SW_CPU_RESET),boot:0x13 (SPI_FAST_FLASH_BOOT)
configsip: 0, SPIWP:0xee
clk_drv:0x00,q_drv:0x00,d_drv:0x00,cs0_drv:0x00,hd_drv:0x00,wp_drv:0x00
mode:DIO, clock div:2
load:0x3fff0040,len:6272
load:0x40078000,len:15848
load:0x40080400,len:3920
entry 0x40080644
[0;32mI (27) boot: ESP-IDF v6.0 2nd stage bootloader[0m
[0;32mI (27) boot: compile time May 27 2026 23:15:33[0m
[0;32mI (27) boot: Multicore bootloader[0m
[0;32mI (29) boot: chip revision: v3.1[0m
[0;32mI (31) boot.esp32: SPI Speed      : 40MHz[0m
[0;32mI (35) boot.esp32: SPI Mode       : DIO[0m
[0;32mI (39) boot.esp32: SPI Flash Size : 2MB[0m
[0;32mI (42) boot: Enabling RNG early entropy source...[0m
[0;32mI (47) boot: Partition Table:[0m
[0;32mI (49) boot: ## Label            Usage          Type ST Offset   Length[0m
[0;32mI (56) boot:  0 nvs              WiFi data        01 02 00009000 00006000[0m
[0;32mI (62) boot:  1 phy_init         RF data          01 01 0000f000 00001000[0m
[0;32mI (69) boot:  2 factory          factory app      00 00 00010000 00100000[0m
[0;32mI (75) boot: End of partition table[0m
[0;32mI (78) esp_image: segment 0: paddr=00010020 vaddr=3f400020 size=19174h (102772) map[0m
[0;32mI (123) esp_image: segment 1: paddr=0002919c vaddr=3ffb0000 size=04528h ( 17704) load[0m
[0;32mI (130) esp_image: segment 2: paddr=0002d6cc vaddr=40080000 size=0294ch ( 10572) load[0m
[0;32mI (134) esp_image: segment 3: paddr=00030020 vaddr=400d0020 size=82e6ch (536172) map[0m
[0;32mI (326) esp_image: segment 4: paddr=000b2e94 vaddr=4008294c size=12cach ( 76972) load[0m
[0;32mI (357) esp_image: segment 5: paddr=000c5b48 vaddr=50000000 size=00028h (    40) load[0m
[0;32mI (368) boot: Loaded app from partition at offset 0x10000[0m
[0;32mI (368) boot: Disabling RNG early entropy source...[0m
[0;32mI (379) cpu_start: Multicore app[0m
[0;32mI (387) cpu_start: GPIO 3 and 1 are used as console UART I/O pins[0m
[0;32mI (387) cpu_start: Pro cpu start user code[0m
[0;32mI (387) cpu_start: cpu freq: 160000000 Hz[0m
[0;32mI (389) app_init: Application information:[0m
[0;32mI (393) app_init: Project name:     Wifi[0m
[0;32mI (397) app_init: App version:      1[0m
[0;32mI (400) app_init: Compile time:     May 27 2026 23:14:20[0m
[0;32mI (405) app_init: ELF file SHA256:  c2479c9d9...[0m
[0;32mI (409) app_init: ESP-IDF:          v6.0[0m
[0;32mI (413) efuse_init: Min chip rev:     v0.0[0m
[0;32mI (417) efuse_init: Max chip rev:     v3.99 [0m
[0;32mI (421) efuse_init: Chip rev:         v3.1[0m
[0;32mI (425) heap_init: Initializing. RAM available for dynamic allocation:[0m
[0;32mI (431) heap_init: At 3FFAE6E0 len 00001920 (6 KiB): DRAM[0m
[0;32mI (436) heap_init: At 3FFB8968 len 00027698 (157 KiB): DRAM[0m
[0;32mI (441) heap_init: At 3FFE0440 len 00003AE0 (14 KiB): D/IRAM[0m
[0;32mI (447) heap_init: At 3FFE4350 len 0001BCB0 (111 KiB): D/IRAM[0m
[0;32mI (452) heap_init: At 400955F8 len 0000AA08 (42 KiB): IRAM[0m
[0;32mI (459) spi_flash: detected chip: generic[0m
[0;32mI (461) spi_flash: flash io: dio[0m
[0;33mW (464) spi_flash: Detected size(4096k) larger than the size in the binary image header(2048k). Using the size in the binary image header.[0m
[0;32mI (478) main_task: Started on CPU0[0m
[0;32mI (488) main_task: Calling app_main()[0m
ESP_ERROR_CHECK failed: esp_err_t 0x103 (ESP_ERR_INVALID_STATE) at 0x400dea21
file: "/IDF/components/esp_wifi/src/wifi_default.c" line 424
func: esp_netif_create_default_wifi_sta
expression: esp_wifi_set_default_wifi_sta_handlers()

abort() was called at PC 0x40089677 on core 0


Backtrace: 0x4008971d:0x3ffbaa80 0x400896e5:0x3ffbaaa0 0x40089369:0x3ffbaac0 0x40089677:0x3ffbab30 0x400dea21:0x3ffbab60 0x400d9cc9:0x3ffbab90 0x400d44f2:0x3ffbac50 0x4014f04a:0x3ffbac80




ELF file SHA256: c2479c9d9

Rebooting...
ets Jul 29 2019 12:21:46

rst:0xc (SW_CPU_RESET),boot:0x13 (SPI_FAST_FLASH_BOOT)
configsip: 0, SPIWP:0xee
clk_drv:0x00,q_drv:0x00,d_drv:0x00,cs0_drv:0x00,hd_drv:0x00,wp_drv:0x00
mode:DIO, clock div:2
load:0x3fff0040,len:6272
load:0x40078000,len:15848
load:0x40080400,len:3920
entry 0x40080644
[0;32mI (27) boot: ESP-IDF v6.0 2nd stage bootloader[0m
[0;32mI (27) boot: compile time May 27 2026 23:15:33[0m
[0;32mI (27) boot: Multicore bootloader[0m
[0;32mI (29) boot: chip revision: v3.1[0m
[0;32mI (31) boot.esp32: SPI Speed      : 40MHz[0m
[0;32mI (35) boot.esp32: SPI Mode       : DIO[0m
[0;32mI (39) boot.esp32: SPI Flash Size : 2MB[0m
[0;32mI (42) boot: Enabling RNG early entropy source...[0m
[0;32mI (47) boot: Partition Table:[0m
[0;32mI (49) boot: ## Label            Usage          Type ST Offset   Length[0m
[0;32mI (56) boot:  0 nvs              WiFi data        01 02 00009000 00006000[0m
[0;32mI (62) boot:  1 phy_init         RF data          01 01 0000f000 00001000[0m
[0;32mI (69) boot:  2 factory          factory app      00 00 00010000 00100000[0m
[0;32mI (75) boot: End of partition table[0m
[0;32mI (78) esp_image: segment 0: paddr=00010020 vaddr=3f400020 size=19174h (102772) map[0m
[0;32mI (123) esp_image: segment 1: paddr=0002919c vaddr=3ffb0000 size=04528h ( 17704) load[0m
[0;32mI (130) esp_image: segment 2: paddr=0002d6cc vaddr=40080000 size=0294ch ( 10572) load[0m
[0;32mI (134) esp_image: segment 3: paddr=00030020 vaddr=400d0020 size=82e6ch (536172) map[0m
[0;32mI (326) esp_image: segment 4: paddr=000b2e94 vaddr=4008294c size=12cach ( 76972) load[0m
[0;32mI (357) esp_image: segment 5: paddr=000c5b48 vaddr=50000000 size=00028h (    40) load[0m
[0;32mI (368) boot: Loaded app from partition at offset 0x10000[0m
[0;32mI (368) boot: Disabling RNG early entropy source...[0m
[0;32mI (379) cpu_start: Multicore app[0m
[0;32mI (387) cpu_start: GPIO 3 and 1 are used as console UART I/O pins[0m
[0;32mI (387) cpu_start: Pro cpu start user code[0m
[0;32mI (387) cpu_start: cpu freq: 160000000 Hz[0m
[0;32mI (389) app_init: Application information:[0m
[0;32mI (393) app_init: Project name:     Wifi[0m
[0;32mI (397) app_init: App version:      1[0m
[0;32mI (400) app_init: Compile time:     May 27 2026 23:14:20[0m
[0;32mI (405) app_init: ELF file SHA256:  c2479c9d9...[0m
[0;32mI (409) app_init: ESP-IDF:          v6.0[0m
[0;32mI (413) efuse_init: Min chip rev:     v0.0[0m
[0;32mI (417) efuse_init: Max chip rev:     v3.99 [0m
[0;32mI (421) efuse_init: Chip rev:         v3.1[0m
[0;32mI (425) heap_init: Initializing. RAM available for dynamic allocation:[0m
[0;32mI (431) heap_init: At 3FFAE6E0 len 00001920 (6 KiB): DRAM[0m
[0;32mI (436) heap_init: At 3FFB8968 len 00027698 (157 KiB): DRAM[0m
[0;32mI (441) heap_init: At 3FFE0440 len 00003AE0 (14 KiB): D/IRAM[0m
[0;32mI (447) heap_init: At 3FFE4350 len 0001BCB0 (111 KiB): D/IRAM[0m
[0;32mI (452) heap_init: At 400955F8 len 0000AA08 (42 KiB): IRAM[0m
[0;32mI (459) spi_flash: detected chip: generic[0m
[0;32mI (461) spi_flash: flash io: dio[0m
[0;33mW (464) spi_flash: Detected size(4096k) larger than the size in the binary image header(2048k). Using the size in the binary image header.[0m
[0;32mI (478) main_task: Started on CPU0[0m
[0;32mI (488) main_task: Calling app_main()[0m
ESP_ERROR_CHECK failed: esp_err_t 0x103 (ESP_ERR_INVALID_STATE) at 0x400dea21
file: "/IDF/components/esp_wifi/src/wifi_default.c" line 424
func: esp_netif_create_default_wifi_sta
expression: esp_wifi_set_default_wifi_sta_handlers()

abort() was called at PC 0x40089677 on core 0


Backtrace: 0x4008971d:0x3ffbaa80 0x400896e5:0x3ffbaaa0 0x40089369:0x3ffbaac0 0x40089677:0x3ffbab30 0x400dea21:0x3ffbab60 0x400d9cc9:0x3ffbab90 0x400d44f2:0x3ffbac50 0x4014f04a:0x3ffbac80




ELF file SHA256: c2479c9d9

Rebooting...
ets Jul 29 2019 12:21:46

rst:0xc (SW_CPU_RESET),boot:0x13 (SPI_FAST_FLASH_BOOT)
configsip: 0, SPIWP:0xee
clk_drv:0x00,q_drv:0x00,d_drv:0x00,cs0_drv:0x00,hd_drv:0x00,wp_drv:0x00
mode:DIO, clock div:2
load:0x3fff0040,len:6272
load:0x40078000,len:15848
load:0x40080400,len:3920
entry 0x40080644
[0;32mI (27) boot: ESP-IDF v6.0 2nd stage bootloader[0m
[0;32mI (27) boot: compile time May 27 2026 23:15:33[0m
[0;32mI (27) boot: Multicore bootloader[0m
[0;32mI (29) boot: chip revision: v3.1[0m
[0;32mI (31) boot.esp32: SPI Speed      : 40MHz[0m
[0;32mI (35) boot.esp32: SPI Mode       : DIO[0m
[0;32mI (39) boot.esp32: SPI Flash Size : 2MB[0m
[0;32mI (42) boot: Enabling RNG early entropy source...[0m
[0;32mI (47) boot: Partition Table:[0m
[0;32mI (49) boot: ## Label            Usage          Type ST Offset   Length[0m
[0;32mI (56) boot:  0 nvs              WiFi data        01 02 00009000 00006000[0m
[0;32mI (62) boot:  1 phy_init         RF data          01 01 0000f000 00001000[0m
[0;32mI (69) boot:  2 factory          factory app      00 00 00010000 00100000[0m
[0;32mI (75) boot: End of partition table[0m
[0;32mI (78) esp_image: segment 0: paddr=00010020 vaddr=3f400020 size=19174h (102772) map[0m
[0;32mI (123) esp_image: segment 1: paddr=0002919c vaddr=3ffb0000 size=04528h ( 17704) load[0m
[0;32mI (130) esp_image: segment 2: paddr=0002d6cc vaddr=40080000 size=0294ch ( 10572) load[0m
[0;32mI (134) esp_image: segment 3: paddr=00030020 vaddr=400d0020 size=82e6ch (536172) map[0m
[0;32mI (326) esp_image: segment 4: paddr=000b2e94 vaddr=4008294c size=12cach ( 76972) load[0m
[0;32mI (357) esp_image: segment 5: paddr=000c5b48 vaddr=50000000 size=00028h (    40) load[0m
[0;32mI (368) boot: Loaded app from partition at offset 0x10000[0m
[0;32mI (368) boot: Disabling RNG early entropy source...[0m
[0;32mI (379) cpu_start: Multicore app[0m
[0;32mI (387) cpu_start: GPIO 3 and 1 are used as console UART I/O pins[0m
[0;32mI (387) cpu_start: Pro cpu start user code[0m
[0;32mI (387) cpu_start: cpu freq: 160000000 Hz[0m
[0;32mI (389) app_init: Application information:[0m
[0;32mI (393) app_init: Project name:     Wifi[0m
[0;32mI (397) app_init: App version:      1[0m
[0;32mI (400) app_init: Compile time:     May 27 2026 23:14:20[0m
[0;32mI (405) app_init: ELF file SHA256:  c2479c9d9...[0m
[0;32mI (409) app_init: ESP-IDF:          v6.0[0m
[0;32mI (413) efuse_init: Min chip rev:     v0.0[0m
[0;32mI (417) efuse_init: Max chip rev:     v3.99 [0m
[0;32mI (421) efuse_init: Chip rev:         v3.1[0m
[0;32mI (425) heap_init: Initializing. RAM available for dynamic allocation:[0m
[0;32mI (431) heap_init: At 3FFAE6E0 len 00001920 (6 KiB): DRAM[0m
[0;32mI (436) heap_init: At 3FFB8968 len 00027698 (157 KiB): DRAM[0m
[0;32mI (441) heap_init: At 3FFE0440 len 00003AE0 (14 KiB): D/IRAM[0m
[0;32mI (447) heap_init: At 3FFE4350 len 0001BCB0 (111 KiB): D/IRAM[0m
[0;32mI (452) heap_init: At 400955F8 len 0000AA08 (42 KiB): IRAM[0m
[0;32mI (459) spi_flash: detected chip: generic[0m
[0;32mI (461) spi_flash: flash io: dio[0m
[0;33mW (464) spi_flash: Detected size(4096k) larger than the size in the binary image header(2048k). Using the size in the binary image header.[0m
[0;32mI (478) main_task: Started on CPU0[0m
[0;32mI (488) main_task: Calling app_main()[0m
ESP_ERROR_CHECK failed: esp_err_t 0x103 (ESP_ERR_INVALID_STATE) at 0x400dea21
file: "/IDF/components/esp_wifi/src/wifi_default.c" line 424
func: esp_netif_create_default_wifi_sta
expression: esp_wifi_set_default_wifi_sta_handlers()

abort() was called at PC 0x40089677 on core 0


Backtrace: 0x4008971d:0x3ffbaa80 0x400896e5:0x3ffbaaa0 0x40089369:0x3ffbaac0 0x40089677:0x3ffbab30 0x400dea21:0x3ffbab60 0x400d9cc9:0x3ffbab90 0x400d44f2:0x3ffbac50 0x4014f04a:0x3ffbac80




ELF file SHA256: c2479c9d9

Rebooting...
ets Jul 29 2019 12:21:46

rst:0xc (SW_CPU_RESET),boot:0x13 (SPI_FAST_FLASH_BOOT)
configsip: 0, SPIWP:0xee
clk_drv:0x00,q_drv:0x00,d_drv:0x00,cs0_drv:0x00,hd_drv:0x00,wp_drv:0x00
mode:DIO, clock div:2
load:0x3fff0040,len:6272
load:0x40078000,len:15848
load:0x40080400,len:3920
entry 0x40080644
[0;32mI (27) boot: ESP-IDF v6.0 2nd stage bootloader[0m
[0;32mI (27) boot: compile time May 27 2026 23:15:33[0m
[0;32mI (27) boot: Multicore bootloader[0m
[0;32mI (29) boot: chip revision: v3.1[0m
[0;32mI (31) boot.esp32: SPI Speed      : 40MHz[0m
[0;32mI (35) boot.esp32: SPI Mode       : DIO[0m
[0;32mI (39) boot.esp32: SPI Flash Size : 2MB[0m
[0;32mI (42) boot: Enabling RNG early entropy source...[0m
[0;32mI (47) boot: Partition Table:[0m
[0;32mI (49) boot: ## Label            Usage          Type ST Offset   Length[0m
[0;32mI (56) boot:  0 nvs              WiFi data        01 02 00009000 00006000[0m
[0;32mI (62) boot:  1 phy_init         RF data          01 01 0000f000 00001000[0m
[0;32mI (69) boot:  2 factory          factory app      00 00 00010000 00100000[0m
[0;32mI (75) boot: End of partition table[0m
[0;32mI (78) esp_image: segment 0: paddr=00010020 vaddr=3f400020 size=19174h (102772) map[0m
[0;32mI (123) esp_image: segment 1: paddr=0002919c vaddr=3ffb0000 size=04528h ( 17704) load[0m
[0;32mI (130) esp_image: segment 2: paddr=0002d6cc vaddr=40080000 size=0294ch ( 10572) load[0m
[0;32mI (134) esp_image: segment 3: paddr=00030020 vaddr=400d0020 size=82e6ch (536172) map[0m
[0;32mI (326) esp_image: segment 4: paddr=000b2e94 vaddr=4008294c size=12cach ( 76972) load[0m
[0;32mI (357) esp_image: segment 5: paddr=000c5b48 vaddr=50000000 size=00028h (    40) load[0m
[0;32mI (368) boot: Loaded app from partition at offset 0x10000[0m
[0;32mI (368) boot: Disabling RNG early entropy source...[0m
[0;32mI (379) cpu_start: Multicore app[0m
[0;32mI (387) cpu_start: GPIO 3 and 1 are used as console UART I/O pins[0m
[0;32mI (387) cpu_start: Pro cpu start user code[0m
[0;32mI (387) cpu_start: cpu freq: 160000000 Hz[0m
[0;32mI (389) app_init: Application information:[0m
[0;32mI (393) app_init: Project name:     Wifi[0m
[0;32mI (397) app_init: App version:      1[0m
[0;32mI (400) app_init: Compile time:     May 27 2026 23:14:20[0m
[0;32mI (405) app_init: ELF file SHA256:  c2479c9d9...[0m
[0;32mI (409) app_init: ESP-IDF:          v6.0[0m
[0;32mI (413) efuse_init: Min chip rev:     v0.0[0m
[0;32mI (417) efuse_init: Max chip rev:     v3.99 [0m
[0;32mI (421) efuse_init: Chip rev:         v3.1[0m
[0;32mI (425) heap_init: Initializing. RAM available for dynamic allocation:[0m
[0;32mI (431) heap_init: At 3FFAE6E0 len 00001920 (6 KiB): DRAM[0m
[0;32mI (436) heap_init: At 3FFB8968 len 00027698 (157 KiB): DRAM[0m
[0;32mI (441) heap_init: At 3FFE0440 len 00003AE0 (14 KiB): D/IRAM[0m
[0;32mI (447) heap_init: At 3FFE4350 len 0001BCB0 (111 KiB): D/IRAM[0m
[0;32mI (452) heap_init: At 400955F8 len 0000AA08 (42 KiB): IRAM[0m
[0;32mI (459) spi_flash: detected chip: generic[0m
[0;32mI (461) spi_flash: flash io: dio[0m
[0;33mW (464) spi_flash: Detected size(4096k) larger than the size in the binary image header(2048k). Using the size in the binary image header.[0m
[0;32mI (478) main_task: Started on CPU0[0m
[0;32mI (488) main_task: Calling app_main()[0m
ESP_ERROR_CHECK failed: esp_err_t 0x103 (ESP_ERR_INVALID_STATE) at 0x400dea21
file: "/IDF/components/esp_wifi/src/wifi_default.c" line 424
func: esp_netif_create_default_wifi_sta
expression: esp_wifi_set_default_wifi_sta_handlers()

abort() was called at PC 0x40089677 on core 0


Backtrace: 0x4008971d:0x3ffbaa80 0x400896e5:0x3ffbaaa0 0x40089369:0x3ffbaac0 0x40089677:0x3ffbab30 0x400dea21:0x3ffbab60 0x400d9cc9:0x3ffbab90 0x400d44f2:0x3ffbac50 0x4014f04a:0x3ffbac80




ELF file SHA256: c2479c9d9

Rebooting...
ets Jul 29 2019 12:21:46

rst:0xc (SW_CPU_RESET),boot:0x13 (SPI_FAST_FLASH_BOOT)
configsip: 0, SPIWP:0xee
clk_drv:0x00,q_drv:0x00,d_drv:0x00,cs0_drv:0x00,hd_drv:0x00,wp_drv:0x00
mode:DIO, clock div:2
load:0x3fff0040,len:6272
load:0x40078000,len:15848
load:0x40080400,len:3920
entry 0x40080644
[0;32mI (27) boot: ESP-IDF v6.0 2nd stage bootloader[0m
[0;32mI (27) boot: compile time May 27 2026 23:15:33[0m
[0;32mI (27) boot: Multicore bootloader[0m
[0;32mI (29) boot: chip revision: v3.1[0m
[0;32mI (31) boot.esp32: SPI Speed      : 40MHz[0m
[0;32mI (35) boot.esp32: SPI Mode       : DIO[0m
[0;32mI (39) boot.esp32: SPI Flash Size : 2MB[0m
[0;32mI (42) boot: Enabling RNG early entropy source...[0m
[0;32mI (47) boot: Partition Table:[0m
[0;32mI (49) boot: ## Label            Usage          Type ST Offset   Length[0m
[0;32mI (56) boot:  0 nvs              WiFi data        01 02 00009000 00006000[0m
[0;32mI (62) boot:  1 phy_init         RF data          01 01 0000f000 00001000[0m
[0;32mI (69) boot:  2 factory          factory app      00 00 00010000 00100000[0m
[0;32mI (75) boot: End of partition table[0m
[0;32mI (78) esp_image: segment 0: paddr=00010020 vaddr=3f400020 size=19174h (102772) map[0m
[0;32mI (123) esp_image: segment 1: paddr=0002919c vaddr=3ffb0000 size=04528h ( 17704) load[0m
[0;32mI (130) esp_image: segment 2: paddr=0002d6cc vaddr=40080000 size=0294ch ( 10572) load[0m
[0;32mI (134) esp_image: segment 3: paddr=00030020 vaddr=400d0020 size=82e6ch (536172) map[0m
[0;32mI (326) esp_image: segment 4: paddr=000b2e94 vaddr=4008294c size=12cach ( 76972) load[0m
[0;32mI (357) esp_image: segment 5: paddr=000c5b48 vaddr=50000000 size=00028h (    40) load[0m
[0;32mI (368) boot: Loaded app from partition at offset 0x10000[0m
[0;32mI (368) boot: Disabling RNG early entropy source...[0m
[0;32mI (379) cpu_start: Multicore app[0m
[0;32mI (387) cpu_start: GPIO 3 and 1 are used as console UART I/O pins[0m
[0;32mI (387) cpu_start: Pro cpu start user code[0m
[0;32mI (387) cpu_start: cpu freq: 160000000 Hz[0m
[0;32mI (389) app_init: Application information:[0m
[0;32mI (393) app_init: Project name:     Wifi[0m
[0;32mI (397) app_init: App version:      1[0m
[0;32mI (400) app_init: Compile time:     May 27 2026 23:14:20[0m
[0;32mI (405) app_init: ELF file SHA256:  c2479c9d9...[0m
[0;32mI (409) app_init: ESP-IDF:          v6.0[0m
[0;32mI (413) efuse_init: Min chip rev:     v0.0[0m
[0;32mI (417) efuse_init: Max chip rev:     v3.99 [0m
[0;32mI (421) efuse_init: Chip rev:         v3.1[0m
[0;32mI (425) heap_init: Initializing. RAM available for dynamic allocation:[0m
[0;32mI (431) heap_init: At 3FFAE6E0 len 00001920 (6 KiB): DRAM[0m
[0;32mI (436) heap_init: At 3FFB8968 len 00027698 (157 KiB): DRAM[0m
[0;32mI (441) heap_init: At 3FFE0440 len 00003AE0 (14 KiB): D/IRAM[0m
[0;32mI (447) heap_init: At 3FFE4350 len 0001BCB0 (111 KiB): D/IRAM[0m
[0;32mI (452) heap_init: At 400955F8 len 0000AA08 (42 KiB): IRAM[0m
[0;32mI (459) spi_flash: detected chip: generic[0m
[0;32mI (461) spi_flash: flash io: dio[0m
[0;33mW (464) spi_flash: Detected size(4096k) larger than the size in the binary image header(2048k). Using the size in the binary image header.[0m
[0;32mI (478) main_task: Started on CPU0[0m
[0;32mI (488) main_task: Calling app_main()[0m
ESP_ERROR_CHECK failed: esp_err_t 0x103 (ESP_ERR_INVALID_STATE) at 0x400dea21
file: "/IDF/components/esp_wifi/src/wifi_default.c" line 424
func: esp_netif_create_default_wifi_sta
expression: esp_wifi_set_default_wifi_sta_handlers()

abort() was called at PC 0x40089677 on core 0


Backtrace: 0x4008971d:0x3ffbaa80 0x400896e5:0x3ffbaaa0 0x40089369:0x3ffbaac0 0x40089677:0x3ffbab30 0x400dea21:0x3ffbab60 0x400d9cc9:0x3ffbab90 0x400d44f2:0x3ffbac50 0x4014f04a:0x3ffbac80




ELF file SHA256: c2479c9d9

Rebooting...
ets Jul 29 2019 12:21:46

rst:0xc (SW_CPU_RESET),boot:0x13 (SPI_FAST_FLASH_BOOT)
configsip: 0, SPIWP:0xee
clk_drv:0x00,q_drv:0x00,d_drv:0x00,cs0_drv:0x00,hd_drv:0x00,wp_drv:0x00
mode:DIO, clock div:2
load:0x3fff0040,len:6272
load:0x40078000,len:15848
load:0x40080400,len:3920
entry 0x40080644
[0;32mI (27) boot: ESP-IDF v6.0 2nd stage bootloader[0m
[0;32mI (27) boot: compile time May 27 2026 23:15:33[0m
[0;32mI (27) boot: Multicore bootloader[0m
[0;32mI (29) boot: chip revision: v3.1[0m
[0;32mI (31) boot.esp32: SPI Speed      : 40MHz[0m
[0;32mI (35) boot.esp32: SPI Mode       : DIO[0m
[0;32mI (39) boot.esp32: SPI Flash Size : 2MB[0m
[0;32mI (42) boot: Enabling RNG early entropy source...[0m
[0;32mI (47) boot: Partition Table:[0m
[0;32mI (49) boot: ## Label            Usage          Type ST Offset   Length[0m
[0;32mI (56) boot:  0 nvs              WiFi data        01 02 00009000 00006000[0m
[0;32mI (62) boot:  1 phy_init         RF data          01 01 0000f000 00001000[0m
[0;32mI (69) boot:  2 factory          factory app      00 00 00010000 00100000[0m
[0;32mI (75) boot: End of partition table[0m
[0;32mI (78) esp_image: segment 0: paddr=00010020 vaddr=3f400020 size=19174h (102772) map[0m
[0;32mI (123) esp_image: segment 1: paddr=0002919c vaddr=3ffb0000 size=04528h ( 17704) load[0m
[0;32mI (130) esp_image: segment 2: paddr=0002d6cc vaddr=40080000 size=0294ch ( 10572) load[0m
[0;32mI (134) esp_image: segment 3: paddr=00030020 vaddr=400d0020 size=82e6ch (536172) map[0m
[0;32mI (326) esp_image: segment 4: paddr=000b2e94 vaddr=4008294c size=12cach ( 76972) load[0m
[0;32mI (357) esp_image: segment 5: paddr=000c5b48 vaddr=50000000 size=00028h (    40) load[0m
[0;32mI (368) boot: Loaded app from partition at offset 0x10000[0m
[0;32mI (368) boot: Disabling RNG early entropy source...[0m
[0;32mI (379) cpu_start: Multicore app[0m
[0;32mI (387) cpu_start: GPIO 3 and 1 are used as console UART I/O pins[0m
[0;32mI (387) cpu_start: Pro cpu start user code[0m
[0;32mI (387) cpu_start: cpu freq: 160000000 Hz[0m
[0;32mI (389) app_init: Application information:[0m
[0;32mI (393) app_init: Project name:     Wifi[0m
[0;32mI (397) app_init: App version:      1[0m
[0;32mI (400) app_init: Compile time:     May 27 2026 23:14:20[0m
[0;32mI (405) app_init: ELF file SHA256:  c2479c9d9...[0m
[0;32mI (409) app_init: ESP-IDF:          v6.0[0m
[0;32mI (413) efuse_init: Min chip rev:     v0.0[0m
[0;32mI (417) efuse_init: Max chip rev:     v3.99 [0m
[0;32mI (421) efuse_init: Chip rev:         v3.1[0m
[0;32mI (425) heap_init: Initializing. RAM available for dynamic allocation:[0m
[0;32mI (431) heap_init: At 3FFAE6E0 len 00001920 (6 KiB): DRAM[0m
[0;32mI (436) heap_init: At 3FFB8968 len 00027698 (157 KiB): DRAM[0m
[0;32mI (441) heap_init: At 3FFE0440 len 00003AE0 (14 KiB): D/IRAM[0m
[0;32mI (447) heap_init: At 3FFE4350 len 0001BCB0 (111 KiB): D/IRAM[0m
[0;32mI (452) heap_init: At 400955F8 len 0000AA08 (42 KiB): IRAM[0m
[0;32mI (459) spi_flash: detected chip: generic[0m
[0;32mI (461) spi_flash: flash io: dio[0m
[0;33mW (464) spi_flash: Detected size(4096k) larger than the size in the binary image header(2048k). Using the size in the binary image header.[0m
[0;32mI (478) main_task: Started on CPU0[0m
[0;32mI (488) main_task: Calling app_main()[0m
ESP_ERROR_CHECK failed: esp_err_t 0x103 (ESP_ERR_INVALID_STATE) at 0x400dea21
file: "/IDF/components/esp_wifi/src/wifi_default.c" line 424
func: esp_netif_create_default_wifi_sta
expression: esp_wifi_set_default_wifi_sta_handlers()

abort() was called at PC 0x40089677 on core 0


Backtrace: 0x4008971d:0x3ffbaa80 0x400896e5:0x3ffbaaa0 0x40089369:0x3ffbaac0 0x40089677:0x3ffbab30 0x400dea21:0x3ffbab60 0x400d9cc9:0x3ffbab90 0x400d44f2:0x3ffbac50 0x4014f04a:0x3ffbac80




ELF file SHA256: c2479c9d9

Rebooting...
ets Jul 29 2019 12:21:46

rst:0xc (SW_CPU_RESET),boot:0x13 (SPI_FAST_FLASH_BOOT)
configsip: 0, SPIWP:0xee
clk_drv:0x00,q_drv:0x00,d_drv:0x00,cs0_drv:0x00,hd_drv:0x00,wp_drv:0x00
mode:DIO, clock div:2
load:0x3fff0040,len:6272
load:0x40078000,len:15848
load:0x40080400,len:3920
entry 0x40080644
[0;32mI (27) boot: ESP-IDF v6.0 2nd stage bootloader[0m
[0;32mI (27) boot: compile time May 27 2026 23:15:33[0m
[0;32mI (27) boot: Multicore bootloader[0m
[0;32mI (29) boot: chip revision: v3.1[0m
[0;32mI (31) boot.esp32: SPI Speed      : 40MHz[0m
[0;32mI (35) boot.esp32: SPI Mode       : DIO[0m
[0;32mI (39) boot.esp32: SPI Flash Size : 2MB[0m
[0;32mI (42) boot: Enabling RNG early entropy source...[0m
[0;32mI (47) boot: Partition Table:[0m
[0;32mI (49) boot: ## Label            Usage          Type ST Offset   Length[0m
[0;32mI (56) boot:  0 nvs              WiFi data        01 02 00009000 00006000[0m
[0;32mI (62) boot:  1 phy_init         RF data          01 01 0000f000 00001000[0m
[0;32mI (69) boot:  2 factory          factory app      00 00 00010000 00100000[0m
[0;32mI (75) boot: End of partition table[0m
[0;32mI (78) esp_image: segment 0: paddr=00010020 vaddr=3f400020 size=19174h (102772) map[0m
[0;32mI (123) esp_image: segment 1: paddr=0002919c vaddr=3ffb0000 size=04528h ( 17704) load[0m
[0;32mI (130) esp_image: segment 2: paddr=0002d6cc vaddr=40080000 size=0294ch ( 10572) load[0m
[0;32mI (134) esp_image: segment 3: paddr=00030020 vaddr=400d0020 size=82e6ch (536172) map[0m
[0;32mI (326) esp_image: segment 4: paddr=000b2e94 vaddr=4008294c size=12cach ( 76972) load[0m
[0;32mI (357) esp_image: segment 5: paddr=000c5b48 vaddr=50000000 size=00028h (    40) load[0m
[0;32mI (368) boot: Loaded app from partition at offset 0x10000[0m
[0;32mI (368) boot: Disabling RNG early entropy source...[0m
[0;32mI (379) cpu_start: Multicore app[0m
[0;32mI (387) cpu_start: GPIO 3 and 1 are used as console UART I/O pins[0m
[0;32mI (387) cpu_start: Pro cpu start user code[0m
[0;32mI (387) cpu_start: cpu freq: 160000000 Hz[0m
[0;32mI (389) app_init: Application information:[0m
[0;32mI (393) app_init: Project name:     Wifi[0m
[0;32mI (397) app_init: App version:      1[0m
[0;32mI (400) app_init: Compile time:     May 27 2026 23:14:20[0m
[0;32mI (405) app_init: ELF file SHA256:  c2479c9d9...[0m
[0;32mI (409) app_init: ESP-IDF:          v6.0[0m
[0;32mI (413) efuse_init: Min chip rev:     v0.0[0m
[0;32mI (417) efuse_init: Max chip rev:     v3.99 [0m
[0;32mI (421) efuse_init: Chip rev:         v3.1[0m
[0;32mI (425) heap_init: Initializing. RAM available for dynamic allocation:[0m
[0;32mI (431) heap_init: At 3FFAE6E0 len 00001920 (6 KiB): DRAM[0m
[0;32mI (436) heap_init: At 3FFB8968 len 00027698 (157 KiB): DRAM[0m
[0;32mI (441) heap_init: At 3FFE0440 len 00003AE0 (14 KiB): D/IRAM[0m
[0;32mI (447) heap_init: At 3FFE4350 len 0001BCB0 (111 KiB): D/IRAM[0m
[0;32mI (452) heap_init: At 400955F8 len 0000AA08 (42 KiB): IRAM[0m
[0;32mI (459) spi_flash: detected chip: generic[0m
[0;32mI (461) spi_flash: flash io: dio[0m
[0;33mW (464) spi_flash: Detected size(4096k) larger than the size in the binary image header(2048k). Using the size in the binary image header.[0m
[0;32mI (478) main_task: Started on CPU0[0m
[0;32mI (488) main_task: Calling app_main()[0m
ESP_ERROR_CHECK failed: esp_err_t 0x103 (ESP_ERR_INVALID_STATE) at 0x400dea21
file: "/IDF/components/esp_wifi/src/wifi_default.c" line 424
func: esp_netif_create_default_wifi_sta
expression: esp_wifi_set_default_wifi_sta_handlers()

abort() was called at PC 0x40089677 on core 0


Backtrace: 0x4008971d:0x3ffbaa80 0x400896e5:0x3ffbaaa0 0x40089369:0x3ffbaac0 0x40089677:0x3ffbab30 0x400dea21:0x3ffbab60 0x400d9cc9:0x3ffbab90 0x400d44f2:0x3ffbac50 0x4014f04a:0x3ffbac80




ELF file SHA256: c2479c9d9

Rebooting...
ets Jul 29 2019 12:21:46

rst:0xc (SW_CPU_RESET),boot:0x13 (SPI_FAST_FLASH_BOOT)
configsip: 0, SPIWP:0xee
clk_drv:0x00,q_drv:0x00,d_drv:0x00,cs0_drv:0x00,hd_drv:0x00,wp_drv:0x00
mode:DIO, clock div:2
load:0x3fff0040,len:6272
load:0x40078000,len:15848
load:0x40080400,len:3920
entry 0x40080644
[0;32mI (27) boot: ESP-IDF v6.0 2nd stage bootloader[0m
[0;32mI (27) boot: compile time May 27 2026 23:15:33[0m
[0;32mI (27) boot: Multicore bootloader[0m
[0;32mI (29) boot: chip revision: v3.1[0m
[0;32mI (31) boot.esp32: SPI Speed      : 40MHz[0m
[0;32mI (35) boot.esp32: SPI Mode       : DIO[0m
[0;32mI (39) boot.esp32: SPI Flash Size : 2MB[0m
[0;32mI (42) boot: Enabling RNG early entropy source...[0m
[0;32mI (47) boot: Partition Table:[0m
[0;32mI (49) boot: ## Label            Usage          Type ST Offset   Length[0m
[0;32mI (56) boot:  0 nvs              WiFi data        01 02 00009000 00006000[0m
[0;32mI (62) boot:  1 phy_init         RF data          01 01 0000f000 00001000[0m
[0;32mI (69) boot:  2 factory          factory app      00 00 00010000 00100000[0m
[0;32mI (75) boot: End of partition table[0m
[0;32mI (78) esp_image: segment 0: paddr=00010020 vaddr=3f400020 size=19174h (102772) map[0m
[0;32mI (123) esp_image: segment 1: paddr=0002919c vaddr=3ffb0000 size=04528h ( 17704) load[0m
[0;32mI (130) esp_image: segment 2: paddr=0002d6cc vaddr=40080000 size=0294ch ( 10572) load[0m
[0;32mI (134) esp_image: segment 3: paddr=00030020 vaddr=400d0020 size=82e6ch (536172) map[0m
[0;32mI (326) esp_image: segment 4: paddr=000b2e94 vaddr=4008294c size=12cach ( 76972) load[0m
[0;32mI (357) esp_image: segment 5: paddr=000c5b48 vaddr=50000000 size=00028h (    40) load[0m
[0;32mI (368) boot: Loaded app from partition at offset 0x10000[0m
[0;32mI (368) boot: Disabling RNG early entropy source...[0m
[0;32mI (379) cpu_start: Multicore app[0m
[0;32mI (387) cpu_start: GPIO 3 and 1 are used as console UART I/O pins[0m
[0;32mI (387) cpu_start: Pro cpu start user code[0m
[0;32mI (387) cpu_start: cpu freq: 160000000 Hz[0m
[0;32mI (389) app_init: Application information:[0m
[0;32mI (393) app_init: Project name:     Wifi[0m
[0;32mI (397) app_init: App version:      1[0m
[0;32mI (400) app_init: Compile time:     May 27 2026 23:14:20[0m
[0;32mI (405) app_init: ELF file SHA256:  c2479c9d9...[0m
[0;32mI (409) app_init: ESP-IDF:          v6.0[0m
[0;32mI (413) efuse_init: Min chip rev:     v0.0[0m
[0;32mI (417) efuse_init: Max chip rev:     v3.99 [0m
[0;32mI (421) efuse_init: Chip rev:         v3.1[0m
[0;32mI (425) heap_init: Initializing. RAM available for dynamic allocation:[0m
[0;32mI (431) heap_init: At 3FFAE6E0 len 00001920 (6 KiB): DRAM[0m
[0;32mI (436) heap_init: At 3FFB8968 len 00027698 (157 KiB): DRAM[0m
[0;32mI (441) heap_init: At 3FFE0440 len 00003AE0 (14 KiB): D/IRAM[0m
[0;32mI (447) heap_init: At 3FFE4350 len 0001BCB0 (111 KiB): D/IRAM[0m
[0;32mI (452) heap_init: At 400955F8 len 0000AA08 (42 KiB): IRAM[0m
[0;32mI (459) spi_flash: detected chip: generic[0m
[0;32mI (461) spi_flash: flash io: dio[0m
[0;33mW (464) spi_flash: Detected size(4096k) larger than the size in the binary image header(2048k). Using the size in the binary image header.[0m
[0;32mI (478) main_task: Started on CPU0[0m
[0;32mI (488) main_task: Calling app_main()[0m
ESP_ERROR_CHECK failed: esp_err_t 0x103 (ESP_ERR_INVALID_STATE) at 0x400dea21
file: "/IDF/components/esp_wifi/src/wifi_default.c" line 424
func: esp_netif_create_default_wifi_sta
expression: esp_wifi_set_default_wifi_sta_handlers()

abort() was called at PC 0x40089677 on core 0


Backtrace: 0x4008971d:0x3ffbaa80 0x400896e5:0x3ffbaaa0 0x40089369:0x3ffbaac0 0x40089677:0x3ffbab30 0x400dea21:0x3ffbab60 0x400d9cc9:0x3ffbab90 0x400d44f2:0x3ffbac50 0x4014f04a:0x3ffbac80




ELF file SHA256: c2479c9d9

Rebooting...
ets Jul 29 2019 12:21:46

rst:0xc (SW_CPU_RESET),boot:0x13 (SPI_FAST_FLASH_BOOT)
configsip: 0, SPIWP:0xee
clk_drv:0x00,q_drv:0x00,d_drv:0x00,cs0_drv:0x00,hd_drv:0x00,wp_drv:0x00
mode:DIO, clock div:2
load:0x3fff0040,len:6272
load:0x40078000,len:15848
load:0x40080400,len:3920
entry 0x40080644
[0;32mI (27) boot: ESP-IDF v6.0 2nd stage bootloader[0m
[0;32mI (27) boot: compile time May 27 2026 23:15:33[0m
[0;32mI (27) boot: Multicore bootloader[0m
[0;32mI (29) boot: chip revision: v3.1[0m
[0;32mI (31) boot.esp32: SPI Speed      : 40MHz[0m
[0;32mI (35) boot.esp32: SPI Mode       : DIO[0m
[0;32mI (39) boot.esp32: SPI Flash Size : 2MB[0m
[0;32mI (42) boot: Enabling RNG early entropy source...[0m
[0;32mI (47) boot: Partition Table:[0m
[0;32mI (49) boot: ## Label            Usage          Type ST Offset   Length[0m
[0;32mI (56) boot:  0 nvs              WiFi data        01 02 00009000 00006000[0m
[0;32mI (62) boot:  1 phy_init         RF data          01 01 0000f000 00001000[0m
[0;32mI (69) boot:  2 factory          factory app      00 00 00010000 00100000[0m
[0;32mI (75) boot: End of partition table[0m
[0;32mI (78) esp_image: segment 0: paddr=00010020 vaddr=3f400020 size=19174h (102772) map[0m
[0;32mI (123) esp_image: segment 1: paddr=0002919c vaddr=3ffb0000 size=04528h ( 17704) load[0m
[0;32mI (130) esp_image: segment 2: paddr=0002d6cc vaddr=40080000 size=0294ch ( 10572) load[0m
[0;32mI (134) esp_image: segment 3: paddr=00030020 vaddr=400d0020 size=82e6ch (536172) map[0m
[0;32mI (326) esp_image: segment 4: paddr=000b2e94 vaddr=4008294c size=12cach ( 76972) load[0m
[0;32mI (357) esp_image: segment 5: paddr=000c5b48 vaddr=50000000 size=00028h (    40) load[0m
[0;32mI (368) boot: Loaded app from partition at offset 0x10000[0m
[0;32mI (368) boot: Disabling RNG early entropy source...[0m
[0;32mI (379) cpu_start: Multicore app[0m
[0;32mI (387) cpu_start: GPIO 3 and 1 are used as console UART I/O pins[0m
[0;32mI (387) cpu_start: Pro cpu start user code[0m
[0;32mI (387) cpu_start: cpu freq: 160000000 Hz[0m
[0;32mI (389) app_init: Application information:[0m
[0;32mI (393) app_init: Project name:     Wifi[0m
[0;32mI (397) app_init: App version:      1[0m
[0;32mI (400) app_init: Compile time:     May 27 2026 23:14:20[0m
[0;32mI (405) app_init: ELF file SHA256:  c2479c9d9...[0m
[0;32mI (409) app_init: ESP-IDF:          v6.0[0m
[0;32mI (413) efuse_init: Min chip rev:     v0.0[0m
[0;32mI (417) efuse_init: Max chip rev:     v3.99 [0m
[0;32mI (421) efuse_init: Chip rev:         v3.1[0m
[0;32mI (425) heap_init: Initializing. RAM available for dynamic allocation:[0m
[0;32mI (431) heap_init: At 3FFAE6E0 len 00001920 (6 KiB): DRAM[0m
[0;32mI (436) heap_init: At 3FFB8968 len 00027698 (157 KiB): DRAM[0m
[0;32mI (441) heap_init: At 3FFE0440 len 00003AE0 (14 KiB): D/IRAM[0m
[0;32mI (447) heap_init: At 3FFE4350 len 0001BCB0 (111 KiB): D/IRAM[0m
[0;32mI (452) heap_init: At 400955F8 len 0000AA08 (42 KiB): IRAM[0m
[0;32mI (459) spi_flash: detected chip: generic[0m
[0;32mI (461) spi_flash: flash io: dio[0m
[0;33mW (464) spi_flash: Detected size(4096k) larger than the size in the binary image header(2048k). Using the size in the binary image header.[0m
[0;32mI (478) main_task: Started on CPU0[0m
[0;32mI (488) main_task: Calling app_main()[0m
ESP_ERROR_CHECK failed: esp_err_t 0x103 (ESP_ERR_INVALID_STATE) at 0x400dea21
file: "/IDF/components/esp_wifi/src/wifi_default.c" line 424
func: esp_netif_create_default_wifi_sta
expression: esp_wifi_set_default_wifi_sta_handlers()

abort() was called at PC 0x40089677 on core 0


Backtrace: 0x4008971d:0x3ffbaa80 0x400896e5:0x3ffbaaa0 0x40089369:0x3ffbaac0 0x40089677:0x3ffbab30 0x400dea21:0x3ffbab60 0x400d9cc9:0x3ffbab90 0x400d44f2:0x3ffbac50 0x4014f04a:0x3ffbac80




ELF file SHA256: c2479c9d9

Rebooting...
ets Jul 29 2019 12:21:46

rst:0xc (SW_CPU_RESET),boot:0x13 (SPI_FAST_FLASH_BOOT)
configsip: 0, SPIWP:0xee
clk_drv:0x00,q_drv:0x00,d_drv:0x00,cs0_drv:0x00,hd_drv:0x00,wp_drv:0x00
mode:DIO, clock div:2
load:0x3fff0040,len:6272
load:0x40078000,len:15848
load:0x40080400,len:3920
entry 0x40080644
[0;32mI (27) boot: ESP-IDF v6.0 2nd stage bootloader[0m
[0;32mI (27) boot: compile time May 27 2026 23:15:33[0m
[0;32mI (27) boot: Multicore bootloader[0m
[0;32mI (29) boot: chip revision: v3.1[0m
[0;32mI (31) boot.esp32: SPI Speed      : 40MHz[0m
[0;32mI (35) boot.esp32: SPI Mode       : DIO[0m
[0;32mI (39) boot.esp32: SPI Flash Size : 2MB[0m
[0;32mI (42) boot: Enabling RNG early entropy source...[0m
[0;32mI (47) boot: Partition Table:[0m
[0;32mI (49) boot: ## Label            Usage          Type ST Offset   Length[0m
[0;32mI (56) boot:  0 nvs              WiFi data        01 02 00009000 00006000[0m
[0;32mI (62) boot:  1 phy_init         RF data          01 01 0000f000 00001000[0m
[0;32mI (69) boot:  2 factory          factory app      00 00 00010000 00100000[0m
[0;32mI (75) boot: End of partition table[0m
[0;32mI (78) esp_image: segment 0: paddr=00010020 vaddr=3f400020 size=19174h (102772) map[0m
[0;32mI (123) esp_image: segment 1: paddr=0002919c vaddr=3ffb0000 size=04528h ( 17704) load[0m
[0;32mI (130) esp_image: segment 2: paddr=0002d6cc vaddr=40080000 size=0294ch ( 10572) load[0m
[0;32mI (134) esp_image: segment 3: paddr=00030020 vaddr=400d0020 size=82e6ch (536172) map[0m
[0;32mI (326) esp_image: segment 4: paddr=000b2e94 vaddr=4008294c size=12cach ( 76972) load[0m
[0;32mI (357) esp_image: segment 5: paddr=000c5b48 vaddr=50000000 size=00028h (    40) load[0m
[0;32mI (368) boot: Loaded app from partition at offset 0x10000[0m
[0;32mI (368) boot: Disabling RNG early entropy source...[0m
[0;32mI (379) cpu_start: Multicore app[0m
[0;32mI (387) cpu_start: GPIO 3 and 1 are used as console UART I/O pins[0m
[0;32mI (387) cpu_start: Pro cpu start user code[0m
[0;32mI (387) cpu_start: cpu freq: 160000000 Hz[0m
[0;32mI (389) app_init: Application information:[0m
[0;32mI (393) app_init: Project name:     Wifi[0m
[0;32mI (397) app_init: App version:      1[0m
[0;32mI (400) app_init: Compile time:     May 27 2026 23:14:20[0m
[0;32mI (405) app_init: ELF file SHA256:  c2479c9d9...[0m
[0;32mI (409) app_init: ESP-IDF:          v6.0[0m
[0;32mI (413) efuse_init: Min chip rev:     v0.0[0m
[0;32mI (417) efuse_init: Max chip rev:     v3.99 [0m
[0;32mI (421) efuse_init: Chip rev:         v3.1[0m
[0;32mI (425) heap_init: Initializing. RAM available for dynamic allocation:[0m
[0;32mI (431) heap_init: At 3FFAE6E0 len 00001920 (6 KiB): DRAM[0m
[0;32mI (436) heap_init: At 3FFB8968 len 00027698 (157 KiB): DRAM[0m
[0;32mI (441) heap_init: At 3FFE0440 len 00003AE0 (14 KiB): D/IRAM[0m
[0;32mI (447) heap_init: At 3FFE4350 len 0001BCB0 (111 KiB): D/IRAM[0m
[0;32mI (452) heap_init: At 400955F8 len 0000AA08 (42 KiB): IRAM[0m
[0;32mI (459) spi_flash: detected chip: generic[0m
[0;32mI (461) spi_flash: flash io: dio[0m
[0;33mW (464) spi_flash: Detected size(4096k) larger than the size in the binary image header(2048k). Using the size in the binary image header.[0m
[0;32mI (478) main_task: Started on CPU0[0m
[0;32mI (488) main_task: Calling app_main()[0m
ESP_ERROR_CHECK failed: esp_err_t 0x103 (ESP_ERR_INVALID_STATE) at 0x400dea21
file: "/IDF/components/esp_wifi/src/wifi_default.c" line 424
func: esp_netif_create_default_wifi_sta
expression: esp_wifi_set_default_wifi_sta_handlers()

abort() was called at PC 0x40089677 on core 0


Backtrace: 0x4008971d:0x3ffbaa80 0x400896e5:0x3ffbaaa0 0x40089369:0x3ffbaac0 0x40089677:0x3ffbab30 0x400dea21:0x3ffbab60 0x400d9cc9:0x3ffbab90 0x400d44f2:0x3ffbac50 0x4014f04a:0x3ffbac80




ELF file SHA256: c2479c9d9

Rebooting...
ets Jul 29 2019 12:21:46

rst:0xc (SW_CPU_RESET),boot:0x13 (SPI_FAST_FLASH_BOOT)
configsip: 0, SPIWP:0xee
clk_drv:0x00,q_drv:0x00,d_drv:0x00,cs0_drv:0x00,hd_drv:0x00,wp_drv:0x00
mode:DIO, clock div:2
load:0x3fff0040,len:6272
load:0x40078000,len:15848
load:0x40080400,len:3920
entry 0x40080644
[0;32mI (27) boot: ESP-IDF v6.0 2nd stage bootloader[0m
[0;32mI (27) boot: compile time May 27 2026 23:15:33[0m
[0;32mI (27) boot: Multicore bootloader[0m
[0;32mI (29) boot: chip revision: v3.1[0m
[0;32mI (31) boot.esp32: SPI Speed      : 40MHz[0m
[0;32mI (35) boot.esp32: SPI Mode       : DIO[0m
[0;32mI (39) boot.esp32: SPI Flash Size : 2MB[0m
[0;32mI (42) boot: Enabling RNG early entropy source...[0m
[0;32mI (47) boot: Partition Table:[0m
[0;32mI (49) boot: ## Label            Usage          Type ST Offset   Length[0m
[0;32mI (56) boot:  0 nvs              WiFi data        01 02 00009000 00006000[0m
[0;32mI (62) boot:  1 phy_init         RF data          01 01 0000f000 00001000[0m
[0;32mI (69) boot:  2 factory          factory app      00 00 00010000 00100000[0m
[0;32mI (75) boot: End of partition table[0m
[0;32mI (78) esp_image: segment 0: paddr=00010020 vaddr=3f400020 size=19174h (102772) map[0m
[0;32mI (123) esp_image: segment 1: paddr=0002919c vaddr=3ffb0000 size=04528h ( 17704) load[0m
[0;32mI (130) esp_image: segment 2: paddr=0002d6cc vaddr=40080000 size=0294ch ( 10572) load[0m
[0;32mI (134) esp_image: segment 3: paddr=00030020 vaddr=400d0020 size=82e6ch (536172) map[0m
[0;32mI (326) esp_image: segment 4: paddr=000b2e94 vaddr=4008294c size=12cach ( 76972) load[0m
[0;32mI (357) esp_image: segment 5: paddr=000c5b48 vaddr=50000000 size=00028h (    40) load[0m
[0;32mI (368) boot: Loaded app from partition at offset 0x10000[0m
[0;32mI (368) boot: Disabling RNG early entropy source...[0m
[0;32mI (379) cpu_start: Multicore app[0m
[0;32mI (387) cpu_start: GPIO 3 and 1 are used as console UART I/O pins[0m
[0;32mI (387) cpu_start: Pro cpu start user code[0m
[0;32mI (387) cpu_start: cpu freq: 160000000 Hz[0m
[0;32mI (389) app_init: Application information:[0m
[0;32mI (393) app_init: Project name:     Wifi[0m
[0;32mI (397) app_init: App version:      1[0m
[0;32mI (400) app_init: Compile time:     May 27 2026 23:14:20[0m
[0;32mI (405) app_init: ELF file SHA256:  c2479c9d9...[0m
[0;32mI (409) app_init: ESP-IDF:          v6.0[0m
[0;32mI (413) efuse_init: Min chip rev:     v0.0[0m
[0;32mI (417) efuse_init: Max chip rev:     v3.99 [0m
[0;32mI (421) efuse_init: Chip rev:         v3.1[0m
[0;32mI (425) heap_init: Initializing. RAM available for dynamic allocation:[0m
[0;32mI (431) heap_init: At 3FFAE6E0 len 00001920 (6 KiB): DRAM[0m
[0;32mI (436) heap_init: At 3FFB8968 len 00027698 (157 KiB): DRAM[0m
[0;32mI (441) heap_init: At 3FFE0440 len 00003AE0 (14 KiB): D/IRAM[0m
[0;32mI (447) heap_init: At 3FFE4350 len 0001BCB0 (111 KiB): D/IRAM[0m
[0;32mI (452) heap_init: At 400955F8 len 0000AA08 (42 KiB): IRAM[0m
[0;32mI (459) spi_flash: detected chip: generic[0m
[0;32mI (461) spi_flash: flash io: dio[0m
[0;33mW (464) spi_flash: Detected size(4096k) larger than the size in the binary image header(2048k). Using the size in the binary image header.[0m
[0;32mI (478) main_task: Started on CPU0[0m
[0;32mI (488) main_task: Calling app_main()[0m
ESP_ERROR_CHECK failed: esp_err_t 0x103 (ESP_ERR_INVALID_STATE) at 0x400dea21
file: "/IDF/components/esp_wifi/src/wifi_default.c" line 424
func: esp_netif_create_default_wifi_sta
expression: esp_wifi_set_default_wifi_sta_handlers()

abort() was called at PC 0x40089677 on core 0


Backtrace: 0x4008971d:0x3ffbaa80 0x400896e5:0x3ffbaaa0 0x40089369:0x3ffbaac0 0x40089677:0x3ffbab30 0x400dea21:0x3ffbab60 0x400d9cc9:0x3ffbab90 0x400d44f2:0x3ffbac50 0x4014f04a:0x3ffbac80




ELF file SHA256: c2479c9d9

Rebooting...
ets Jul 29 2019 12:21:46

rst:0xc (SW_CPU_RESET),boot:0x13 (SPI_FAST_FLASH_BOOT)
configsip: 0, SPIWP:0xee
clk_drv:0x00,q_drv:0x00,d_drv:0x00,cs0_drv:0x00,hd_drv:0x00,wp_drv:0x00
mode:DIO, clock div:2
load:0x3fff0040,len:6272
load:0x40078000,len:15848
load:0x40080400,len:3920
entry 0x40080644
[0;32mI (27) boot: ESP-IDF v6.0 2nd stage bootloader[0m
[0;32mI (27) boot: compile time May 27 2026 23:15:33[0m
[0;32mI (27) boot: Multicore bootloader[0m
[0;32mI (29) boot: chip revision: v3.1[0m
[0;32mI (31) boot.esp32: SPI Speed      : 40MHz[0m
[0;32mI (35) boot.esp32: SPI Mode       : DIO[0m
[0;32mI (39) boot.esp32: SPI Flash Size : 2MB[0m
[0;32mI (42) boot: Enabling RNG early entropy source...[0m
[0;32mI (47) boot: Partition Table:[0m
[0;32mI (49) boot: ## Label            Usage          Type ST Offset   Length[0m
[0;32mI (56) boot:  0 nvs              WiFi data        01 02 00009000 00006000[0m
[0;32mI (62) boot:  1 phy_init         RF data          01 01 0000f000 00001000[0m
[0;32mI (69) boot:  2 factory          factory app      00 00 00010000 00100000[0m
[0;32mI (75) boot: End of partition table[0m
[0;32mI (78) esp_image: segment 0: paddr=00010020 vaddr=3f400020 size=19174h (102772) map[0m
[0;32mI (123) esp_image: segment 1: paddr=0002919c vaddr=3ffb0000 size=04528h ( 17704) load[0m
[0;32mI (130) esp_image: segment 2: paddr=0002d6cc vaddr=40080000 size=0294ch ( 10572) load[0m
[0;32mI (134) esp_image: segment 3: paddr=00030020 vaddr=400d0020 size=82e6ch (536172) map[0m
[0;32mI (326) esp_image: segment 4: paddr=000b2e94 vaddr=4008294c size=12cach ( 76972) load[0m
[0;32mI (357) esp_image: segment 5: paddr=000c5b48 vaddr=50000000 size=00028h (    40) load[0m
[0;32mI (368) boot: Loaded app from partition at offset 0x10000[0m
[0;32mI (368) boot: Disabling RNG early entropy source...[0m
[0;32mI (379) cpu_start: Multicore app[0m
[0;32mI (387) cpu_start: GPIO 3 and 1 are used as console UART I/O pins[0m
[0;32mI (387) cpu_start: Pro cpu start user code[0m
[0;32mI (387) cpu_start: cpu freq: 160000000 Hz[0m
[0;32mI (389) app_init: Application information:[0m
[0;32mI (393) app_init: Project name:     Wifi[0m
[0;32mI (397) app_init: App version:      1[0m
[0;32mI (400) app_init: Compile time:     May 27 2026 23:14:20[0m
[0;32mI (405) app_init: ELF file SHA256:  c2479c9d9...[0m
[0;32mI (409) app_init: ESP-IDF:          v6.0[0m
[0;32mI (413) efuse_init: Min chip rev:     v0.0[0m
[0;32mI (417) efuse_init: Max chip rev:     v3.99 [0m
[0;32mI (421) efuse_init: Chip rev:         v3.1[0m
[0;32mI (425) heap_init: Initializing. RAM available for dynamic allocation:[0m
[0;32mI (431) heap_init: At 3FFAE6E0 len 00001920 (6 KiB): DRAM[0m
[0;32mI (436) heap_init: At 3FFB8968 len 00027698 (157 KiB): DRAM[0m
[0;32mI (441) heap_init: At 3FFE0440 len 00003AE0 (14 KiB): D/IRAM[0m
[0;32mI (447) heap_init: At 3FFE4350 len 0001BCB0 (111 KiB): D/IRAM[0m
[0;32mI (452) heap_init: At 400955F8 len 0000AA08 (42 KiB): IRAM[0m
[0;32mI (459) spi_flash: detected chip: generic[0m
[0;32mI (461) spi_flash: flash io: dio[0m
[0;33mW (464) spi_flash: Detected size(4096k) larger than the size in the binary image header(2048k). Using the size in the binary image header.[0m
[0;32mI (478) main_task: Started on CPU0[0m
[0;32mI (488) main_task: Calling app_main()[0m
ESP_ERROR_CHECK failed: esp_err_t 0x103 (ESP_ERR_INVALID_STATE) at 0x400dea21
file: "/IDF/components/esp_wifi/src/wifi_default.c" line 424
func: esp_netif_create_default_wifi_sta
expression: esp_wifi_set_default_wifi_sta_handlers()

abort() was called at PC 0x40089677 on core 0


Backtrace: 0x4008971d:0x3ffbaa80 0x400896e5:0x3ffbaaa0 0x40089369:0x3ffbaac0 0x40089677:0x3ffbab30 0x400dea21:0x3ffbab60 0x400d9cc9:0x3ffbab90 0x400d44f2:0x3ffbac50 0x4014f04a:0x3ffbac80




ELF file SHA256: c2479c9d9

Rebooting...
ets Jul 29 2019 12:21:46

rst:0xc (SW_CPU_RESET),boot:0x13 (SPI_FAST_FLASH_BOOT)
configsip: 0, SPIWP:0xee
clk_drv:0x00,q_drv:0x00,d_drv:0x00,cs0_drv:0x00,hd_drv:0x00,wp_drv:0x00
mode:DIO, clock div:2
load:0x3fff0040,len:6272
load:0x40078000,len:15848
load:0x40080400,len:3920
entry 0x40080644
[0;32mI (27) boot: ESP-IDF v6.0 2nd stage bootloader[0m
[0;32mI (27) boot: compile time May 27 2026 23:15:33[0m
[0;32mI (27) boot: Multicore bootloader[0m
[0;32mI (29) boot: chip revision: v3.1[0m
[0;32mI (31) boot.esp32: SPI Speed      : 40MHz[0m
[0;32mI (35) boot.esp32: SPI Mode       : DIO[0m
[0;32mI (39) boot.esp32: SPI Flash Size : 2MB[0m
[0;32mI (42) boot: Enabling RNG early entropy source...[0m
[0;32mI (47) boot: Partition Table:[0m
[0;32mI (49) boot: ## Label            Usage          Type ST Offset   Length[0m
[0;32mI (56) boot:  0 nvs              WiFi data        01 02 00009000 00006000[0m
[0;32mI (62) boot:  1 phy_init         RF data          01 01 0000f000 00001000[0m
[0;32mI (69) boot:  2 factory          factory app      00 00 00010000 00100000[0m
[0;32mI (75) boot: End of partition table[0m
[0;32mI (78) esp_image: segment 0: paddr=00010020 vaddr=3f400020 size=19174h (102772) map[0m
[0;32mI (123) esp_image: segment 1: paddr=0002919c vaddr=3ffb0000 size=04528h ( 17704) load[0m
[0;32mI (130) esp_image: segment 2: paddr=0002d6cc vaddr=40080000 size=0294ch ( 10572) load[0m
[0;32mI (134) esp_image: segment 3: paddr=00030020 vaddr=400d0020 size=82e6ch (536172) map[0m
[0;32mI (326) esp_image: segment 4: paddr=000b2e94 vaddr=4008294c size=12cach ( 76972) load[0m
[0;32mI (357) esp_image: segment 5: paddr=000c5b48 vaddr=50000000 size=00028h (    40) load[0m
[0;32mI (368) boot: Loaded app from partition at offset 0x10000[0m
[0;32mI (368) boot: Disabling RNG early entropy source...[0m
[0;32mI (379) cpu_start: Multicore app[0m
[0;32mI (387) cpu_start: GPIO 3 and 1 are used as console UART I/O pins[0m
[0;32mI (387) cpu_start: Pro cpu start user code[0m
[0;32mI (387) cpu_start: cpu freq: 160000000 Hz[0m
[0;32mI (389) app_init: Application information:[0m
[0;32mI (393) app_init: Project name:     Wifi[0m
[0;32mI (397) app_init: App version:      1[0m
[0;32mI (400) app_init: Compile time:     May 27 2026 23:14:20[0m
[0;32mI (405) app_init: ELF file SHA256:  c2479c9d9...[0m
[0;32mI (409) app_init: ESP-IDF:          v6.0[0m
[0;32mI (413) efuse_init: Min chip rev:     v0.0[0m
[0;32mI (417) efuse_init: Max chip rev:     v3.99 [0m
[0;32mI (421) efuse_init: Chip rev:         v3.1[0m
[0;32mI (425) heap_init: Initializing. RAM available for dynamic allocation:[0m
[0;32mI (431) heap_init: At 3FFAE6E0 len 00001920 (6 KiB): DRAM[0m
[0;32mI (436) heap_init: At 3FFB8968 len 00027698 (157 KiB): DRAM[0m
[0;32mI (441) heap_init: At 3FFE0440 len 00003AE0 (14 KiB): D/IRAM[0m
[0;32mI (447) heap_init: At 3FFE4350 len 0001BCB0 (111 KiB): D/IRAM[0m
[0;32mI (452) heap_init: At 400955F8 len 0000AA08 (42 KiB): IRAM[0m
[0;32mI (459) spi_flash: detected chip: generic[0m
[0;32mI (461) spi_flash: flash io: dio[0m
[0;33mW (464) spi_flash: Detected size(4096k) larger than the size in the binary image header(2048k). Using the size in the binary image header.[0m
[0;32mI (478) main_task: Started on CPU0[0m
[0;32mI (488) main_task: Calling app_main()[0m
ESP_ERROR_CHECK failed: esp_err_t 0x103 (ESP_ERR_INVALID_STATE) at 0x400dea21
file: "/IDF/components/esp_wifi/src/wifi_default.c" line 424
func: esp_netif_create_default_wifi_sta
expression: esp_wifi_set_default_wifi_sta_handlers()

abort() was called at PC 0x40089677 on core 0


Backtrace: 0x4008971d:0x3ffbaa80 0x400896e5:0x3ffbaaa0 0x40089369:0x3ffbaac0 0x40089677:0x3ffbab30 0x400dea21:0x3ffbab60 0x400d9cc9:0x3ffbab90 0x400d44f2:0x3ffbac50 0x4014f04a:0x3ffbac80




ELF file SHA256: c2479c9d9

Rebooting...
ets Jul 29 2019 12:21:46

rst:0xc (SW_CPU_RESET),boot:0x13 (SPI_FAST_FLASH_BOOT)
configsip: 0, SPIWP:0xee
clk_drv:0x00,q_drv:0x00,d_drv:0x00,cs0_drv:0x00,hd_drv:0x00,wp_drv:0x00
mode:DIO, clock div:2
load:0x3fff0040,len:6272
load:0x40078000,len:15848
load:0x40080400,len:3920
entry 0x40080644
[0;32mI (27) boot: ESP-IDF v6.0 2nd stage bootloader[0m
[0;32mI (27) boot: compile time May 27 2026 23:15:33[0m
[0;32mI (27) boot: Multicore bootloader[0m
[0;32mI (29) boot: chip revision: v3.1[0m
[0;32mI (31) boot.esp32: SPI Speed      : 40MHz[0m
[0;32mI (35) boot.esp32: SPI Mode       : DIO[0m
[0;32mI (39) boot.esp32: SPI Flash Size : 2MB[0m
[0;32mI (42) boot: Enabling RNG early entropy source...[0m
[0;32mI (47) boot: Partition Table:[0m
[0;32mI (49) boot: ## Label            Usage          Type ST Offset   Length[0m
[0;32mI (56) boot:  0 nvs              WiFi data        01 02 00009000 00006000[0m
[0;32mI (62) boot:  1 phy_init         RF data          01 01 0000f000 00001000[0m
[0;32mI (69) boot:  2 factory          factory app      00 00 00010000 00100000[0m
[0;32mI (75) boot: End of partition table[0m
[0;32mI (78) esp_image: segment 0: paddr=00010020 vaddr=3f400020 size=19174h (102772) map[0m
[0;32mI (123) esp_image: segment 1: paddr=0002919c vaddr=3ffb0000 size=04528h ( 17704) load[0m
[0;32mI (130) esp_image: segment 2: paddr=0002d6cc vaddr=40080000 size=0294ch ( 10572) load[0m
[0;32mI (134) esp_image: segment 3: paddr=00030020 vaddr=400d0020 size=82e6ch (536172) map[0m
[0;32mI (326) esp_image: segment 4: paddr=000b2e94 vaddr=4008294c size=12cach ( 76972) load[0m
[0;32mI (357) esp_image: segment 5: paddr=000c5b48 vaddr=50000000 size=00028h (    40) load[0m
[0;32mI (368) boot: Loaded app from partition at offset 0x10000[0m
[0;32mI (368) boot: Disabling RNG early entropy source...[0m
[0;32mI (379) cpu_start: Multicore app[0m
[0;32mI (387) cpu_start: GPIO 3 and 1 are used as console UART I/O pins[0m
[0;32mI (387) cpu_start: Pro cpu start user code[0m
[0;32mI (387) cpu_start: cpu freq: 160000000 Hz[0m
[0;32mI (389) app_init: Application information:[0m
[0;32mI (393) app_init: Project name:     Wifi[0m
[0;32mI (397) app_init: App version:      1[0m
[0;32mI (400) app_init: Compile time:     May 27 2026 23:14:20[0m
[0;32mI (405) app_init: ELF file SHA256:  c2479c9d9...[0m
[0;32mI (409) app_init: ESP-IDF:          v6.0[0m
[0;32mI (413) efuse_init: Min chip rev:     v0.0[0m
[0;32mI (417) efuse_init: Max chip rev:     v3.99 [0m
[0;32mI (421) efuse_init: Chip rev:         v3.1[0m
[0;32mI (425) heap_init: Initializing. RAM available for dynamic allocation:[0m
[0;32mI (431) heap_init: At 3FFAE6E0 len 00001920 (6 KiB): DRAM[0m
[0;32mI (436) heap_init: At 3FFB8968 len 00027698 (157 KiB): DRAM[0m
[0;32mI (441) heap_init: At 3FFE0440 len 00003AE0 (14 KiB): D/IRAM[0m
[0;32mI (447) heap_init: At 3FFE4350 len 0001BCB0 (111 KiB): D/IRAM[0m
[0;32mI (452) heap_init: At 400955F8 len 0000AA08 (42 KiB): IRAM[0m
[0;32mI (459) spi_flash: detected chip: generic[0m
[0;32mI (461) spi_flash: flash io: dio[0m
[0;33mW (464) spi_flash: Detected size(4096k) larger than the size in the binary image header(2048k). Using the size in the binary image header.[0m
[0;32mI (478) main_task: Started on CPU0[0m
[0;32mI (488) main_task: Calling app_main()[0m
ESP_ERROR_CHECK failed: esp_err_t 0x103 (ESP_ERR_INVALID_STATE) at 0x400dea21
file: "/IDF/components/esp_wifi/src/wifi_default.c" line 424
func: esp_netif_create_default_wifi_sta
expression: esp_wifi_set_default_wifi_sta_handlers()

abort() was called at PC 0x40089677 on core 0


Backtrace: 0x4008971d:0x3ffbaa80 0x400896e5:0x3ffbaaa0 0x40089369:0x3ffbaac0 0x40089677:0x3ffbab30 0x400dea21:0x3ffbab60 0x400d9cc9:0x3ffbab90 0x400d44f2:0x3ffbac50 0x4014f04a:0x3ffbac80




ELF file SHA256: c2479c9d9

Rebooting...
ets Jul 29 2019 12:21:46

rst:0xc (SW_CPU_RESET),boot:0x13 (SPI_FAST_FLASH_BOOT)
configsip: 0, SPIWP:0xee
clk_drv:0x00,q_drv:0x00,d_drv:0x00,cs0_drv:0x00,hd_drv:0x00,wp_drv:0x00
mode:DIO, clock div:2
load:0x3fff0040,len:6272
load:0x40078000,len:15848
load:0x40080400,len:3920
entry 0x40080644
[0;32mI (27) boot: ESP-IDF v6.0 2nd stage bootloader[0m
[0;32mI (27) boot: compile time May 27 2026 23:15:33[0m
[0;32mI (27) boot: Multicore bootloader[0m
[0;32mI (29) boot: chip revision: v3.1[0m
[0;32mI (31) boot.esp32: SPI Speed      : 40MHz[0m
[0;32mI (35) boot.esp32: SPI Mode       : DIO[0m
[0;32mI (39) boot.esp32: SPI Flash Size : 2MB[0m
[0;32mI (42) boot: Enabling RNG early entropy source...[0m
[0;32mI (47) boot: Partition Table:[0m
[0;32mI (49) boot: ## Label            Usage          Type ST Offset   Length[0m
[0;32mI (56) boot:  0 nvs              WiFi data        01 02 00009000 00006000[0m
[0;32mI (62) boot:  1 phy_init         RF data          01 01 0000f000 00001000[0m
[0;32mI (69) boot:  2 factory          factory app      00 00 00010000 00100000[0m
[0;32mI (75) boot: End of partition table[0m
[0;32mI (78) esp_image: segment 0: paddr=00010020 vaddr=3f400020 size=19174h (102772) map[0m
[0;32mI (123) esp_image: segment 1: paddr=0002919c vaddr=3ffb0000 size=04528h ( 17704) load[0m
[0;32mI (130) esp_image: segment 2: paddr=0002d6cc vaddr=40080000 size=0294ch ( 10572) load[0m
[0;32mI (134) esp_image: segment 3: paddr=00030020 vaddr=400d0020 size=82e6ch (536172) map[0m
[0;32mI (326) esp_image: segment 4: paddr=000b2e94 vaddr=4008294c size=12cach ( 76972) load[0m
[0;32mI (357) esp_image: segment 5: paddr=000c5b48 vaddr=50000000 size=00028h (    40) load[0m
[0;32mI (368) boot: Loaded app from partition at offset 0x10000[0m
[0;32mI (368) boot: Disabling RNG early entropy source...[0m
[0;32mI (379) cpu_start: Multicore app[0m
[0;32mI (387) cpu_start: GPIO 3 and 1 are used as console UART I/O pins[0m
[0;32mI (387) cpu_start: Pro cpu start user code[0m
[0;32mI (387) cpu_start: cpu freq: 160000000 Hz[0m
[0;32mI (389) app_init: Application information:[0m
[0;32mI (393) app_init: Project name:     Wifi[0m
[0;32mI (397) app_init: App version:      1[0m
[0;32mI (400) app_init: Compile time:     May 27 2026 23:14:20[0m
[0;32mI (405) app_init: ELF file SHA256:  c2479c9d9...[0m
[0;32mI (409) app_init: ESP-IDF:          v6.0[0m
[0;32mI (413) efuse_init: Min chip rev:     v0.0[0m
[0;32mI (417) efuse_init: Max chip rev:     v3.99 [0m
[0;32mI (421) efuse_init: Chip rev:         v3.1[0m
[0;32mI (425) heap_init: Initializing. RAM available for dynamic allocation:[0m
[0;32mI (431) heap_init: At 3FFAE6E0 len 00001920 (6 KiB): DRAM[0m
[0;32mI (436) heap_init: At 3FFB8968 len 00027698 (157 KiB): DRAM[0m
[0;32mI (441) heap_init: At 3FFE0440 len 00003AE0 (14 KiB): D/IRAM[0m
[0;32mI (447) heap_init: At 3FFE4350 len 0001BCB0 (111 KiB): D/IRAM[0m
[0;32mI (452) heap_init: At 400955F8 len 0000AA08 (42 KiB): IRAM[0m
[0;32mI (459) spi_flash: detected chip: generic[0m
[0;32mI (461) spi_flash: flash io: dio[0m
[0;33mW (464) spi_flash: Detected size(4096k) larger than the size in the binary image header(2048k). Using the size in the binary image header.[0m
[0;32mI (478) main_task: Started on CPU0[0m
[0;32mI (488) main_task: Calling app_main()[0m
ESP_ERROR_CHECK failed: esp_err_t 0x103 (ESP_ERR_INVALID_STATE) at 0x400dea21
file: "/IDF/components/esp_wifi/src/wifi_default.c" line 424
func: esp_netif_create_default_wifi_sta
expression: esp_wifi_set_default_wifi_sta_handlers()

abort() was called at PC 0x40089677 on core 0


Backtrace: 0x4008971d:0x3ffbaa80 0x400896e5:0x3ffbaaa0 0x40089369:0x3ffbaac0 0x40089677:0x3ffbab30 0x400dea21:0x3ffbab60 0x400d9cc9:0x3ffbab90 0x400d44f2:0x3ffbac50 0x4014f04a:0x3ffbac80




ELF file SHA256: c2479c9d9

Rebooting...
ets Jul 29 2019 12:21:46

rst:0xc (SW_CPU_RESET),boot:0x13 (SPI_FAST_FLASH_BOOT)
configsip: 0, SPIWP:0xee
clk_drv:0x00,q_drv:0x00,d_drv:0x00,cs0_drv:0x00,hd_drv:0x00,wp_drv:0x00
mode:DIO, clock div:2
load:0x3fff0040,len:6272
load:0x40078000,len:15848
load:0x40080400,len:3920
entry 0x40080644
[0;32mI (27) boot: ESP-IDF v6.0 2nd stage bootloader[0m
[0;32mI (27) boot: compile time May 27 2026 23:15:33[0m
[0;32mI (27) boot: Multicore bootloader[0m
[0;32mI (29) boot: chip revision: v3.1[0m
[0;32mI (31) boot.esp32: SPI Speed      : 40MHz[0m
[0;32mI (35) boot.esp32: SPI Mode       : DIO[0m
[0;32mI (39) boot.esp32: SPI Flash Size : 2MB[0m
[0;32mI (42) boot: Enabling RNG early entropy source...[0m
[0;32mI (47) boot: Partition Table:[0m
[0;32mI (49) boot: ## Label            Usage          Type ST Offset   Length[0m
[0;32mI (56) boot:  0 nvs              WiFi data        01 02 00009000 00006000[0m
[0;32mI (62) boot:  1 phy_init         RF data          01 01 0000f000 00001000[0m
[0;32mI (69) boot:  2 factory          factory app      00 00 00010000 00100000[0m
[0;32mI (75) boot: End of partition table[0m
[0;32mI (78) esp_image: segment 0: paddr=00010020 vaddr=3f400020 size=19174h (102772) map[0m
[0;32mI (123) esp_image: segment 1: paddr=0002919c vaddr=3ffb0000 size=04528h ( 17704) load[0m
[0;32mI (130) esp_image: segment 2: paddr=0002d6cc vaddr=40080000 size=0294ch ( 10572) load[0m
[0;32mI (134) esp_image: segment 3: paddr=00030020 vaddr=400d0020 size=82e6ch (536172) map[0m
[0;32mI (326) esp_image: segment 4: paddr=000b2e94 vaddr=4008294c size=12cach ( 76972) load[0m
[0;32mI (357) esp_image: segment 5: paddr=000c5b48 vaddr=50000000 size=00028h (    40) load[0m
[0;32mI (368) boot: Loaded app from partition at offset 0x10000[0m
[0;32mI (368) boot: Disabling RNG early entropy source...[0m
[0;32mI (379) cpu_start: Multicore app[0m
[0;32mI (387) cpu_start: GPIO 3 and 1 are used as console UART I/O pins[0m
[0;32mI (387) cpu_start: Pro cpu start user code[0m
[0;32mI (387) cpu_start: cpu freq: 160000000 Hz[0m
[0;32mI (389) app_init: Application information:[0m
[0;32mI (393) app_init: Project name:     Wifi[0m
[0;32mI (397) app_init: App version:      1[0m
[0;32mI (400) app_init: Compile time:     May 27 2026 23:14:20[0m
[0;32mI (405) app_init: ELF file SHA256:  c2479c9d9...[0m
[0;32mI (409) app_init: ESP-IDF:          v6.0[0m
[0;32mI (413) efuse_init: Min chip rev:     v0.0[0m
[0;32mI (417) efuse_init: Max chip rev:     v3.99 [0m
[0;32mI (421) efuse_init: Chip rev:         v3.1[0m
[0;32mI (425) heap_init: Initializing. RAM available for dynamic allocation:[0m
[0;32mI (431) heap_init: At 3FFAE6E0 len 00001920 (6 KiB): DRAM[0m
[0;32mI (436) heap_init: At 3FFB8968 len 00027698 (157 KiB): DRAM[0m
[0;32mI (441) heap_init: At 3FFE0440 len 00003AE0 (14 KiB): D/IRAM[0m
[0;32mI (447) heap_init: At 3FFE4350 len 0001BCB0 (111 KiB): D/IRAM[0m
[0;32mI (452) heap_init: At 400955F8 len 0000AA08 (42 KiB): IRAM[0m
[0;32mI (459) spi_flash: detected chip: generic[0m
[0;32mI (461) spi_flash: flash io: dio[0m
[0;33mW (464) spi_flash: Detected size(4096k) larger than the size in the binary image header(2048k). Using the size in the binary image header.[0m
[0;32mI (478) main_task: Started on CPU0[0m
[0;32mI (488) main_task: Calling app_main()[0m
ESP_ERROR_CHECK failed: esp_err_t 0x103 (ESP_ERR_INVALID_STATE) at 0x400dea21
file: "/IDF/components/esp_wifi/src/wifi_default.c" line 424
func: esp_netif_create_default_wifi_sta
expression: esp_wifi_set_default_wifi_sta_handlers()

abort() was called at PC 0x40089677 on core 0


Backtrace: 0x4008971d:0x3ffbaa80 0x400896e5:0x3ffbaaa0 0x40089369:0x3ffbaac0 0x40089677:0x3ffbab30 0x400dea21:0x3ffbab60 0x400d9cc9:0x3ffbab90 0x400d44f2:0x3ffbac50 0x4014f04a:0x3ffbac80




ELF file SHA256: c2479c9d9

Rebooting...
ets Jul 29 2019 12:21:46

rst:0xc (SW_CPU_RESET),boot:0x13 (SPI_FAST_FLASH_BOOT)
configsip: 0, SPIWP:0xee
clk_drv:0x00,q_drv:0x00,d_drv:0x00,cs0_drv:0x00,hd_drv:0x00,wp_drv:0x00
mode:DIO, clock div:2
load:0x3fff0040,len:6272
load:0x40078000,len:15848
load:0x40080400,len:3920
entry 0x40080644
[0;32mI (27) boot: ESP-IDF v6.0 2nd stage bootloader[0m
[0;32mI (27) boot: compile time May 27 2026 23:15:33[0m
[0;32mI (27) boot: Multicore bootloader[0m
[0;32mI (29) boot: chip revision: v3.1[0m
[0;32mI (31) boot.esp32: SPI Speed      : 40MHz[0m
[0;32mI (35) boot.esp32: SPI Mode       : DIO[0m
[0;32mI (39) boot.esp32: SPI Flash Size : 2MB[0m
[0;32mI (42) boot: Enabling RNG early entropy source...[0m
[0;32mI (47) boot: Partition Table:[0m
[0;32mI (49) boot: ## Label            Usage          Type ST Offset   Length[0m
[0;32mI (56) boot:  0 nvs              WiFi data        01 02 00009000 00006000[0m
[0;32mI (62) boot:  1 phy_init         RF data          01 01 0000f000 00001000[0m
[0;32mI (69) boot:  2 factory          factory app      00 00 00010000 00100000[0m
[0;32mI (75) boot: End of partition table[0m
[0;32mI (78) esp_image: segment 0: paddr=00010020 vaddr=3f400020 size=19174h (102772) map[0m
[0;32mI (123) esp_image: segment 1: paddr=0002919c vaddr=3ffb0000 size=04528h ( 17704) load[0m
[0;32mI (130) esp_image: segment 2: paddr=0002d6cc vaddr=40080000 size=0294ch ( 10572) load[0m
[0;32mI (134) esp_image: segment 3: paddr=00030020 vaddr=400d0020 size=82e6ch (536172) map[0m
[0;32mI (326) esp_image: segment 4: paddr=000b2e94 vaddr=4008294c size=12cach ( 76972) load[0m
[0;32mI (357) esp_image: segment 5: paddr=000c5b48 vaddr=50000000 size=00028h (    40) load[0m
[0;32mI (368) boot: Loaded app from partition at offset 0x10000[0m
[0;32mI (368) boot: Disabling RNG early entropy source...[0m
[0;32mI (379) cpu_start: Multicore app[0m
[0;32mI (387) cpu_start: GPIO 3 and 1 are used as console UART I/O pins[0m
[0;32mI (387) cpu_start: Pro cpu start user code[0m
[0;32mI (387) cpu_start: cpu freq: 160000000 Hz[0m
[0;32mI (389) app_init: Application information:[0m
[0;32mI (393) app_init: Project name:     Wifi[0m
[0;32mI (397) app_init: App version:      1[0m
[0;32mI (400) app_init: Compile time:     May 27 2026 23:14:20[0m
[0;32mI (405) app_init: ELF file SHA256:  c2479c9d9...[0m
[0;32mI (409) app_init: ESP-IDF:          v6.0[0m
[0;32mI (413) efuse_init: Min chip rev:     v0.0[0m
[0;32mI (417) efuse_init: Max chip rev:     v3.99 [0m
[0;32mI (421) efuse_init: Chip rev:         v3.1[0m
[0;32mI (425) heap_init: Initializing. RAM available for dynamic allocation:[0m
[0;32mI (431) heap_init: At 3FFAE6E0 len 00001920 (6 KiB): DRAM[0m
[0;32mI (436) heap_init: At 3FFB8968 len 00027698 (157 KiB): DRAM[0m
[0;32mI (441) heap_init: At 3FFE0440 len 00003AE0 (14 KiB): D/IRAM[0m
[0;32mI (447) heap_init: At 3FFE4350 len 0001BCB0 (111 KiB): D/IRAM[0m
[0;32mI (452) heap_init: At 400955F8 len 0000AA08 (42 KiB): IRAM[0m
[0;32mI (459) spi_flash: detected chip: generic[0m
[0;32mI (461) spi_flash: flash io: dio[0m
[0;33mW (464) spi_flash: Detected size(4096k) larger than the size in the binary image header(2048k). Using the size in the binary image header.[0m
[0;32mI (478) main_task: Started on CPU0[0m
[0;32mI (488) main_task: Calling app_main()[0m
ESP_ERROR_CHECK failed: esp_err_t 0x103 (ESP_ERR_INVALID_STATE) at 0x400dea21
file: "/IDF/components/esp_wifi/src/wifi_default.c" line 424
func: esp_netif_create_default_wifi_sta
expression: esp_wifi_set_default_wifi_sta_handlers()

abort() was called at PC 0x40089677 on core 0


Backtrace: 0x4008971d:0x3ffbaa80 0x400896e5:0x3ffbaaa0 0x40089369:0x3ffbaac0 0x40089677:0x3ffbab30 0x400dea21:0x3ffbab60 0x400d9cc9:0x3ffbab90 0x400d44f2:0x3ffbac50 0x4014f04a:0x3ffbac80




ELF file SHA256: c2479c9d9

Rebooting...
ets Jul 29 2019 12:21:46

rst:0xc (SW_CPU_RESET),boot:0x13 (SPI_FAST_FLASH_BOOT)
configsip: 0, SPIWP:0xee
clk_drv:0x00,q_drv:0x00,d_drv:0x00,cs0_drv:0x00,hd_drv:0x00,wp_drv:0x00
mode:DIO, clock div:2
load:0x3fff0040,len:6272
load:0x40078000,len:15848
load:0x40080400,len:3920
entry 0x40080644
[0;32mI (27) boot: ESP-IDF v6.0 2nd stage bootloader[0m
[0;32mI (27) boot: compile time May 27 2026 23:15:33[0m
[0;32mI (27) boot: Multicore bootloader[0m
[0;32mI (29) boot: chip revision: v3.1[0m
[0;32mI (31) boot.esp32: SPI Speed      : 40MHz[0m
[0;32mI (35) boot.esp32: SPI Mode       : DIO[0m
[0;32mI (39) boot.esp32: SPI Flash Size : 2MB[0m
[0;32mI (42) boot: Enabling RNG early entropy source...[0m
[0;32mI (47) boot: Partition Table:[0m
[0;32mI (49) boot: ## Label            Usage          Type ST Offset   Length[0m
[0;32mI (56) boot:  0 nvs              WiFi data        01 02 00009000 00006000[0m
